Archive member included to satisfy reference by file (symbol)

c:/program files (x86)/atmel/studio/7.0/toolchain/avr8/avr8-gnu-toolchain/bin/../lib/gcc/avr/5.4.0/avrxmega6\libgcc.a(_udivmodsi4.o)
                              src/ASF/xmega/drivers/usart/usart.o (__udivmodsi4)
c:/program files (x86)/atmel/studio/7.0/toolchain/avr8/avr8-gnu-toolchain/bin/../lib/gcc/avr/5.4.0/avrxmega6\libgcc.a(_exit.o)
                              C:/Program Files (x86)/Atmel/Studio/7.0/Packs/atmel/XMEGAA_DFP/1.1.68/gcc/dev/atxmega256a3bu/avrxmega6/crtatxmega256a3bu.o (exit)
c:/program files (x86)/atmel/studio/7.0/toolchain/avr8/avr8-gnu-toolchain/bin/../lib/gcc/avr/5.4.0/avrxmega6\libgcc.a(_tablejump2.o)
                              src/Part3.o (__tablejump2__)
c:/program files (x86)/atmel/studio/7.0/toolchain/avr8/avr8-gnu-toolchain/bin/../lib/gcc/avr/5.4.0/avrxmega6\libgcc.a(_copy_data.o)
                              src/Part3.o (__do_copy_data)
c:/program files (x86)/atmel/studio/7.0/toolchain/avr8/avr8-gnu-toolchain/bin/../lib/gcc/avr/5.4.0/avrxmega6\libgcc.a(_clear_bss.o)
                              src/Part3.o (__do_clear_bss)
c:/program files (x86)/atmel/studio/7.0/toolchain/avr8/avr8-gnu-toolchain/bin/../lib/gcc/avr/5.4.0/../../../../avr/lib/avrxmega6\libc.a(memcpy.o)
                              src/ASF/xmega/drivers/nvm/nvm.o (memcpy)

Allocating common symbols
Common symbol       size              file

column_address      0x1               src/Part3.o
page_address        0x1               src/Part3.o

Discarded input sections

 .data          0x00000000        0x0 C:/Program Files (x86)/Atmel/Studio/7.0/Packs/atmel/XMEGAA_DFP/1.1.68/gcc/dev/atxmega256a3bu/avrxmega6/crtatxmega256a3bu.o
 .bss           0x00000000        0x0 C:/Program Files (x86)/Atmel/Studio/7.0/Packs/atmel/XMEGAA_DFP/1.1.68/gcc/dev/atxmega256a3bu/avrxmega6/crtatxmega256a3bu.o
 .group         0x00000000        0x8 src/ASF/common/components/display/st7565r/st7565r.o
 .group         0x00000000        0x8 src/ASF/common/components/display/st7565r/st7565r.o
 .group         0x00000000        0x8 src/ASF/common/components/display/st7565r/st7565r.o
 .group         0x00000000        0x8 src/ASF/common/components/display/st7565r/st7565r.o
 .group         0x00000000        0x8 src/ASF/common/components/display/st7565r/st7565r.o
 .group         0x00000000        0x8 src/ASF/common/components/display/st7565r/st7565r.o
 .group         0x00000000        0x8 src/ASF/common/components/display/st7565r/st7565r.o
 .group         0x00000000        0x8 src/ASF/common/components/display/st7565r/st7565r.o
 .group         0x00000000        0x8 src/ASF/common/components/display/st7565r/st7565r.o
 .group         0x00000000        0x8 src/ASF/common/components/display/st7565r/st7565r.o
 .group         0x00000000        0x8 src/ASF/common/components/display/st7565r/st7565r.o
 .group         0x00000000        0x8 src/ASF/common/components/display/st7565r/st7565r.o
 .group         0x00000000        0x8 src/ASF/common/components/display/st7565r/st7565r.o
 .group         0x00000000        0x8 src/ASF/common/components/display/st7565r/st7565r.o
 .group         0x00000000        0x8 src/ASF/common/components/display/st7565r/st7565r.o
 .group         0x00000000        0x8 src/ASF/common/components/display/st7565r/st7565r.o
 .group         0x00000000        0x8 src/ASF/common/components/display/st7565r/st7565r.o
 .group         0x00000000        0x8 src/ASF/common/components/display/st7565r/st7565r.o
 .group         0x00000000        0x8 src/ASF/common/components/display/st7565r/st7565r.o
 .group         0x00000000        0x8 src/ASF/common/components/display/st7565r/st7565r.o
 .group         0x00000000        0x8 src/ASF/common/components/display/st7565r/st7565r.o
 .group         0x00000000        0x8 src/ASF/common/components/display/st7565r/st7565r.o
 .group         0x00000000        0x8 src/ASF/common/components/display/st7565r/st7565r.o
 .group         0x00000000        0x8 src/ASF/common/components/display/st7565r/st7565r.o
 .group         0x00000000        0x8 src/ASF/common/components/display/st7565r/st7565r.o
 .group         0x00000000        0x8 src/ASF/common/components/display/st7565r/st7565r.o
 .group         0x00000000        0x8 src/ASF/common/components/display/st7565r/st7565r.o
 .group         0x00000000        0x8 src/ASF/common/components/display/st7565r/st7565r.o
 .group         0x00000000        0x8 src/ASF/common/components/display/st7565r/st7565r.o
 .group         0x00000000        0x8 src/ASF/common/components/display/st7565r/st7565r.o
 .group         0x00000000        0x8 src/ASF/common/components/display/st7565r/st7565r.o
 .group         0x00000000        0x8 src/ASF/common/components/display/st7565r/st7565r.o
 .group         0x00000000        0x8 src/ASF/common/components/display/st7565r/st7565r.o
 .group         0x00000000        0x8 src/ASF/common/components/display/st7565r/st7565r.o
 .group         0x00000000        0x8 src/ASF/common/components/display/st7565r/st7565r.o
 .group         0x00000000        0x8 src/ASF/common/components/display/st7565r/st7565r.o
 .group         0x00000000        0x8 src/ASF/common/components/display/st7565r/st7565r.o
 .group         0x00000000        0x8 src/ASF/common/components/display/st7565r/st7565r.o
 .group         0x00000000        0x8 src/ASF/common/components/display/st7565r/st7565r.o
 .group         0x00000000        0x8 src/ASF/common/components/display/st7565r/st7565r.o
 .group         0x00000000        0x8 src/ASF/common/components/display/st7565r/st7565r.o
 .group         0x00000000        0x8 src/ASF/common/components/display/st7565r/st7565r.o
 .group         0x00000000        0x8 src/ASF/common/components/display/st7565r/st7565r.o
 .group         0x00000000        0x8 src/ASF/common/components/display/st7565r/st7565r.o
 .group         0x00000000        0x8 src/ASF/common/components/display/st7565r/st7565r.o
 .text          0x00000000        0x0 src/ASF/common/components/display/st7565r/st7565r.o
 .data          0x00000000        0x0 src/ASF/common/components/display/st7565r/st7565r.o
 .bss           0x00000000        0x0 src/ASF/common/components/display/st7565r/st7565r.o
 .group         0x00000000        0x8 src/ASF/common/services/clock/xmega/sysclk.o
 .group         0x00000000        0x8 src/ASF/common/services/clock/xmega/sysclk.o
 .group         0x00000000        0x8 src/ASF/common/services/clock/xmega/sysclk.o
 .group         0x00000000        0x8 src/ASF/common/services/clock/xmega/sysclk.o
 .group         0x00000000        0x8 src/ASF/common/services/clock/xmega/sysclk.o
 .group         0x00000000        0x8 src/ASF/common/services/clock/xmega/sysclk.o
 .group         0x00000000        0x8 src/ASF/common/services/clock/xmega/sysclk.o
 .group         0x00000000        0x8 src/ASF/common/services/clock/xmega/sysclk.o
 .group         0x00000000        0x8 src/ASF/common/services/clock/xmega/sysclk.o
 .group         0x00000000        0x8 src/ASF/common/services/clock/xmega/sysclk.o
 .group         0x00000000        0x8 src/ASF/common/services/clock/xmega/sysclk.o
 .group         0x00000000        0x8 src/ASF/common/services/clock/xmega/sysclk.o
 .group         0x00000000        0x8 src/ASF/common/services/clock/xmega/sysclk.o
 .group         0x00000000        0x8 src/ASF/common/services/clock/xmega/sysclk.o
 .group         0x00000000        0x8 src/ASF/common/services/clock/xmega/sysclk.o
 .group         0x00000000        0x8 src/ASF/common/services/clock/xmega/sysclk.o
 .group         0x00000000        0x8 src/ASF/common/services/clock/xmega/sysclk.o
 .group         0x00000000        0x8 src/ASF/common/services/clock/xmega/sysclk.o
 .group         0x00000000        0x8 src/ASF/common/services/clock/xmega/sysclk.o
 .group         0x00000000        0x8 src/ASF/common/services/clock/xmega/sysclk.o
 .group         0x00000000        0x8 src/ASF/common/services/clock/xmega/sysclk.o
 .group         0x00000000        0x8 src/ASF/common/services/clock/xmega/sysclk.o
 .group         0x00000000        0x8 src/ASF/common/services/clock/xmega/sysclk.o
 .group         0x00000000        0x8 src/ASF/common/services/clock/xmega/sysclk.o
 .group         0x00000000        0x8 src/ASF/common/services/clock/xmega/sysclk.o
 .group         0x00000000        0x8 src/ASF/common/services/clock/xmega/sysclk.o
 .group         0x00000000        0x8 src/ASF/common/services/clock/xmega/sysclk.o
 .group         0x00000000        0x8 src/ASF/common/services/clock/xmega/sysclk.o
 .group         0x00000000        0x8 src/ASF/common/services/clock/xmega/sysclk.o
 .group         0x00000000        0x8 src/ASF/common/services/clock/xmega/sysclk.o
 .group         0x00000000        0x8 src/ASF/common/services/clock/xmega/sysclk.o
 .group         0x00000000        0x8 src/ASF/common/services/clock/xmega/sysclk.o
 .group         0x00000000        0x8 src/ASF/common/services/clock/xmega/sysclk.o
 .group         0x00000000        0x8 src/ASF/common/services/clock/xmega/sysclk.o
 .group         0x00000000        0x8 src/ASF/common/services/clock/xmega/sysclk.o
 .group         0x00000000        0x8 src/ASF/common/services/clock/xmega/sysclk.o
 .group         0x00000000        0x8 src/ASF/common/services/clock/xmega/sysclk.o
 .group         0x00000000        0x8 src/ASF/common/services/clock/xmega/sysclk.o
 .text          0x00000000        0x0 src/ASF/common/services/clock/xmega/sysclk.o
 .data          0x00000000        0x0 src/ASF/common/services/clock/xmega/sysclk.o
 .bss           0x00000000        0x0 src/ASF/common/services/clock/xmega/sysclk.o
 .text.sysclk_disable_module
                0x00000000       0x2a src/ASF/common/services/clock/xmega/sysclk.o
 .text.sysclk_enable_usb
                0x00000000       0x50 src/ASF/common/services/clock/xmega/sysclk.o
 .text.sysclk_disable_usb
                0x00000000       0x14 src/ASF/common/services/clock/xmega/sysclk.o
 .debug_macro   0x00000000      0xa96 src/ASF/common/services/clock/xmega/sysclk.o
 .debug_macro   0x00000000       0x10 src/ASF/common/services/clock/xmega/sysclk.o
 .debug_macro   0x00000000      0x1c9 src/ASF/common/services/clock/xmega/sysclk.o
 .debug_macro   0x00000000      0x2fc src/ASF/common/services/clock/xmega/sysclk.o
 .debug_macro   0x00000000       0x9e src/ASF/common/services/clock/xmega/sysclk.o
 .debug_macro   0x00000000     0x6271 src/ASF/common/services/clock/xmega/sysclk.o
 .debug_macro   0x00000000       0x9a src/ASF/common/services/clock/xmega/sysclk.o
 .debug_macro   0x00000000       0xf1 src/ASF/common/services/clock/xmega/sysclk.o
 .debug_macro   0x00000000       0x34 src/ASF/common/services/clock/xmega/sysclk.o
 .debug_macro   0x00000000       0x16 src/ASF/common/services/clock/xmega/sysclk.o
 .debug_macro   0x00000000       0x18 src/ASF/common/services/clock/xmega/sysclk.o
 .debug_macro   0x00000000       0x5e src/ASF/common/services/clock/xmega/sysclk.o
 .debug_macro   0x00000000       0x10 src/ASF/common/services/clock/xmega/sysclk.o
 .debug_macro   0x00000000       0x22 src/ASF/common/services/clock/xmega/sysclk.o
 .debug_macro   0x00000000      0x16d src/ASF/common/services/clock/xmega/sysclk.o
 .debug_macro   0x00000000       0x1c src/ASF/common/services/clock/xmega/sysclk.o
 .debug_macro   0x00000000       0x35 src/ASF/common/services/clock/xmega/sysclk.o
 .debug_macro   0x00000000       0x66 src/ASF/common/services/clock/xmega/sysclk.o
 .debug_macro   0x00000000      0x64b src/ASF/common/services/clock/xmega/sysclk.o
 .debug_macro   0x00000000       0x97 src/ASF/common/services/clock/xmega/sysclk.o
 .debug_macro   0x00000000       0x17 src/ASF/common/services/clock/xmega/sysclk.o
 .debug_macro   0x00000000      0x250 src/ASF/common/services/clock/xmega/sysclk.o
 .debug_macro   0x00000000       0x76 src/ASF/common/services/clock/xmega/sysclk.o
 .debug_macro   0x00000000       0x16 src/ASF/common/services/clock/xmega/sysclk.o
 .debug_macro   0x00000000      0x6e3 src/ASF/common/services/clock/xmega/sysclk.o
 .debug_macro   0x00000000       0x10 src/ASF/common/services/clock/xmega/sysclk.o
 .debug_macro   0x00000000      0x175 src/ASF/common/services/clock/xmega/sysclk.o
 .debug_macro   0x00000000       0x40 src/ASF/common/services/clock/xmega/sysclk.o
 .debug_macro   0x00000000       0x69 src/ASF/common/services/clock/xmega/sysclk.o
 .debug_macro   0x00000000       0x32 src/ASF/common/services/clock/xmega/sysclk.o
 .debug_macro   0x00000000       0xe4 src/ASF/common/services/clock/xmega/sysclk.o
 .debug_macro   0x00000000       0x1c src/ASF/common/services/clock/xmega/sysclk.o
 .debug_macro   0x00000000      0x2c6 src/ASF/common/services/clock/xmega/sysclk.o
 .debug_macro   0x00000000      0x303 src/ASF/common/services/clock/xmega/sysclk.o
 .debug_macro   0x00000000       0x7d src/ASF/common/services/clock/xmega/sysclk.o
 .debug_macro   0x00000000       0x2f src/ASF/common/services/clock/xmega/sysclk.o
 .debug_macro   0x00000000      0x15b src/ASF/common/services/clock/xmega/sysclk.o
 .group         0x00000000        0x8 src/ASF/common/services/ioport/xmega/ioport_compat.o
 .group         0x00000000        0x8 src/ASF/common/services/ioport/xmega/ioport_compat.o
 .group         0x00000000        0x8 src/ASF/common/services/ioport/xmega/ioport_compat.o
 .group         0x00000000        0x8 src/ASF/common/services/ioport/xmega/ioport_compat.o
 .group         0x00000000        0x8 src/ASF/common/services/ioport/xmega/ioport_compat.o
 .group         0x00000000        0x8 src/ASF/common/services/ioport/xmega/ioport_compat.o
 .group         0x00000000        0x8 src/ASF/common/services/ioport/xmega/ioport_compat.o
 .group         0x00000000        0x8 src/ASF/common/services/ioport/xmega/ioport_compat.o
 .group         0x00000000        0x8 src/ASF/common/services/ioport/xmega/ioport_compat.o
 .group         0x00000000        0x8 src/ASF/common/services/ioport/xmega/ioport_compat.o
 .group         0x00000000        0x8 src/ASF/common/services/ioport/xmega/ioport_compat.o
 .group         0x00000000        0x8 src/ASF/common/services/ioport/xmega/ioport_compat.o
 .group         0x00000000        0x8 src/ASF/common/services/ioport/xmega/ioport_compat.o
 .group         0x00000000        0x8 src/ASF/common/services/ioport/xmega/ioport_compat.o
 .group         0x00000000        0x8 src/ASF/common/services/ioport/xmega/ioport_compat.o
 .group         0x00000000        0x8 src/ASF/common/services/ioport/xmega/ioport_compat.o
 .group         0x00000000        0x8 src/ASF/common/services/ioport/xmega/ioport_compat.o
 .group         0x00000000        0x8 src/ASF/common/services/ioport/xmega/ioport_compat.o
 .group         0x00000000        0x8 src/ASF/common/services/ioport/xmega/ioport_compat.o
 .group         0x00000000        0x8 src/ASF/common/services/ioport/xmega/ioport_compat.o
 .group         0x00000000        0x8 src/ASF/common/services/ioport/xmega/ioport_compat.o
 .group         0x00000000        0x8 src/ASF/common/services/ioport/xmega/ioport_compat.o
 .group         0x00000000        0x8 src/ASF/common/services/ioport/xmega/ioport_compat.o
 .group         0x00000000        0x8 src/ASF/common/services/ioport/xmega/ioport_compat.o
 .group         0x00000000        0x8 src/ASF/common/services/ioport/xmega/ioport_compat.o
 .group         0x00000000        0x8 src/ASF/common/services/ioport/xmega/ioport_compat.o
 .group         0x00000000        0x8 src/ASF/common/services/ioport/xmega/ioport_compat.o
 .group         0x00000000        0x8 src/ASF/common/services/ioport/xmega/ioport_compat.o
 .group         0x00000000        0x8 src/ASF/common/services/ioport/xmega/ioport_compat.o
 .group         0x00000000        0x8 src/ASF/common/services/ioport/xmega/ioport_compat.o
 .group         0x00000000        0x8 src/ASF/common/services/ioport/xmega/ioport_compat.o
 .group         0x00000000        0x8 src/ASF/common/services/ioport/xmega/ioport_compat.o
 .group         0x00000000        0x8 src/ASF/common/services/ioport/xmega/ioport_compat.o
 .text          0x00000000        0x0 src/ASF/common/services/ioport/xmega/ioport_compat.o
 .data          0x00000000        0x0 src/ASF/common/services/ioport/xmega/ioport_compat.o
 .bss           0x00000000        0x0 src/ASF/common/services/ioport/xmega/ioport_compat.o
 .debug_macro   0x00000000      0xa96 src/ASF/common/services/ioport/xmega/ioport_compat.o
 .debug_macro   0x00000000      0x64b src/ASF/common/services/ioport/xmega/ioport_compat.o
 .debug_macro   0x00000000       0x10 src/ASF/common/services/ioport/xmega/ioport_compat.o
 .debug_macro   0x00000000      0x1c9 src/ASF/common/services/ioport/xmega/ioport_compat.o
 .debug_macro   0x00000000      0x2fc src/ASF/common/services/ioport/xmega/ioport_compat.o
 .debug_macro   0x00000000       0x9e src/ASF/common/services/ioport/xmega/ioport_compat.o
 .debug_macro   0x00000000     0x6271 src/ASF/common/services/ioport/xmega/ioport_compat.o
 .debug_macro   0x00000000       0x9a src/ASF/common/services/ioport/xmega/ioport_compat.o
 .debug_macro   0x00000000       0xf1 src/ASF/common/services/ioport/xmega/ioport_compat.o
 .debug_macro   0x00000000       0x34 src/ASF/common/services/ioport/xmega/ioport_compat.o
 .debug_macro   0x00000000       0x16 src/ASF/common/services/ioport/xmega/ioport_compat.o
 .debug_macro   0x00000000       0x18 src/ASF/common/services/ioport/xmega/ioport_compat.o
 .debug_macro   0x00000000       0x5e src/ASF/common/services/ioport/xmega/ioport_compat.o
 .debug_macro   0x00000000       0x10 src/ASF/common/services/ioport/xmega/ioport_compat.o
 .debug_macro   0x00000000       0x22 src/ASF/common/services/ioport/xmega/ioport_compat.o
 .debug_macro   0x00000000      0x16d src/ASF/common/services/ioport/xmega/ioport_compat.o
 .debug_macro   0x00000000       0x1c src/ASF/common/services/ioport/xmega/ioport_compat.o
 .debug_macro   0x00000000       0x35 src/ASF/common/services/ioport/xmega/ioport_compat.o
 .debug_macro   0x00000000       0x66 src/ASF/common/services/ioport/xmega/ioport_compat.o
 .debug_macro   0x00000000       0x97 src/ASF/common/services/ioport/xmega/ioport_compat.o
 .debug_macro   0x00000000       0x17 src/ASF/common/services/ioport/xmega/ioport_compat.o
 .debug_macro   0x00000000      0x250 src/ASF/common/services/ioport/xmega/ioport_compat.o
 .debug_macro   0x00000000       0x76 src/ASF/common/services/ioport/xmega/ioport_compat.o
 .debug_macro   0x00000000       0x16 src/ASF/common/services/ioport/xmega/ioport_compat.o
 .debug_macro   0x00000000      0x6e3 src/ASF/common/services/ioport/xmega/ioport_compat.o
 .debug_macro   0x00000000       0x10 src/ASF/common/services/ioport/xmega/ioport_compat.o
 .debug_macro   0x00000000      0x175 src/ASF/common/services/ioport/xmega/ioport_compat.o
 .debug_macro   0x00000000       0x40 src/ASF/common/services/ioport/xmega/ioport_compat.o
 .debug_macro   0x00000000       0x69 src/ASF/common/services/ioport/xmega/ioport_compat.o
 .debug_macro   0x00000000       0x32 src/ASF/common/services/ioport/xmega/ioport_compat.o
 .debug_macro   0x00000000       0xe4 src/ASF/common/services/ioport/xmega/ioport_compat.o
 .debug_macro   0x00000000       0x82 src/ASF/common/services/ioport/xmega/ioport_compat.o
 .debug_macro   0x00000000      0x109 src/ASF/common/services/ioport/xmega/ioport_compat.o
 .group         0x00000000        0x8 src/ASF/common/services/spi/xmega_usart_spi/usart_spi.o
 .group         0x00000000        0x8 src/ASF/common/services/spi/xmega_usart_spi/usart_spi.o
 .group         0x00000000        0x8 src/ASF/common/services/spi/xmega_usart_spi/usart_spi.o
 .group         0x00000000        0x8 src/ASF/common/services/spi/xmega_usart_spi/usart_spi.o
 .group         0x00000000        0x8 src/ASF/common/services/spi/xmega_usart_spi/usart_spi.o
 .group         0x00000000        0x8 src/ASF/common/services/spi/xmega_usart_spi/usart_spi.o
 .group         0x00000000        0x8 src/ASF/common/services/spi/xmega_usart_spi/usart_spi.o
 .group         0x00000000        0x8 src/ASF/common/services/spi/xmega_usart_spi/usart_spi.o
 .group         0x00000000        0x8 src/ASF/common/services/spi/xmega_usart_spi/usart_spi.o
 .group         0x00000000        0x8 src/ASF/common/services/spi/xmega_usart_spi/usart_spi.o
 .group         0x00000000        0x8 src/ASF/common/services/spi/xmega_usart_spi/usart_spi.o
 .group         0x00000000        0x8 src/ASF/common/services/spi/xmega_usart_spi/usart_spi.o
 .group         0x00000000        0x8 src/ASF/common/services/spi/xmega_usart_spi/usart_spi.o
 .group         0x00000000        0x8 src/ASF/common/services/spi/xmega_usart_spi/usart_spi.o
 .group         0x00000000        0x8 src/ASF/common/services/spi/xmega_usart_spi/usart_spi.o
 .group         0x00000000        0x8 src/ASF/common/services/spi/xmega_usart_spi/usart_spi.o
 .group         0x00000000        0x8 src/ASF/common/services/spi/xmega_usart_spi/usart_spi.o
 .group         0x00000000        0x8 src/ASF/common/services/spi/xmega_usart_spi/usart_spi.o
 .group         0x00000000        0x8 src/ASF/common/services/spi/xmega_usart_spi/usart_spi.o
 .group         0x00000000        0x8 src/ASF/common/services/spi/xmega_usart_spi/usart_spi.o
 .group         0x00000000        0x8 src/ASF/common/services/spi/xmega_usart_spi/usart_spi.o
 .group         0x00000000        0x8 src/ASF/common/services/spi/xmega_usart_spi/usart_spi.o
 .group         0x00000000        0x8 src/ASF/common/services/spi/xmega_usart_spi/usart_spi.o
 .group         0x00000000        0x8 src/ASF/common/services/spi/xmega_usart_spi/usart_spi.o
 .group         0x00000000        0x8 src/ASF/common/services/spi/xmega_usart_spi/usart_spi.o
 .group         0x00000000        0x8 src/ASF/common/services/spi/xmega_usart_spi/usart_spi.o
 .group         0x00000000        0x8 src/ASF/common/services/spi/xmega_usart_spi/usart_spi.o
 .group         0x00000000        0x8 src/ASF/common/services/spi/xmega_usart_spi/usart_spi.o
 .group         0x00000000        0x8 src/ASF/common/services/spi/xmega_usart_spi/usart_spi.o
 .group         0x00000000        0x8 src/ASF/common/services/spi/xmega_usart_spi/usart_spi.o
 .group         0x00000000        0x8 src/ASF/common/services/spi/xmega_usart_spi/usart_spi.o
 .group         0x00000000        0x8 src/ASF/common/services/spi/xmega_usart_spi/usart_spi.o
 .group         0x00000000        0x8 src/ASF/common/services/spi/xmega_usart_spi/usart_spi.o
 .group         0x00000000        0x8 src/ASF/common/services/spi/xmega_usart_spi/usart_spi.o
 .group         0x00000000        0x8 src/ASF/common/services/spi/xmega_usart_spi/usart_spi.o
 .group         0x00000000        0x8 src/ASF/common/services/spi/xmega_usart_spi/usart_spi.o
 .group         0x00000000        0x8 src/ASF/common/services/spi/xmega_usart_spi/usart_spi.o
 .group         0x00000000        0x8 src/ASF/common/services/spi/xmega_usart_spi/usart_spi.o
 .group         0x00000000        0x8 src/ASF/common/services/spi/xmega_usart_spi/usart_spi.o
 .group         0x00000000        0x8 src/ASF/common/services/spi/xmega_usart_spi/usart_spi.o
 .group         0x00000000        0x8 src/ASF/common/services/spi/xmega_usart_spi/usart_spi.o
 .text          0x00000000        0x0 src/ASF/common/services/spi/xmega_usart_spi/usart_spi.o
 .data          0x00000000        0x0 src/ASF/common/services/spi/xmega_usart_spi/usart_spi.o
 .bss           0x00000000        0x0 src/ASF/common/services/spi/xmega_usart_spi/usart_spi.o
 .text.usart_spi_write_packet
                0x00000000       0x2e src/ASF/common/services/spi/xmega_usart_spi/usart_spi.o
 .text.usart_spi_read_packet
                0x00000000       0x30 src/ASF/common/services/spi/xmega_usart_spi/usart_spi.o
 .debug_macro   0x00000000      0xa96 src/ASF/common/services/spi/xmega_usart_spi/usart_spi.o
 .debug_macro   0x00000000       0x10 src/ASF/common/services/spi/xmega_usart_spi/usart_spi.o
 .debug_macro   0x00000000      0x1c9 src/ASF/common/services/spi/xmega_usart_spi/usart_spi.o
 .debug_macro   0x00000000      0x2fc src/ASF/common/services/spi/xmega_usart_spi/usart_spi.o
 .debug_macro   0x00000000       0x9e src/ASF/common/services/spi/xmega_usart_spi/usart_spi.o
 .debug_macro   0x00000000     0x6271 src/ASF/common/services/spi/xmega_usart_spi/usart_spi.o
 .debug_macro   0x00000000       0x9a src/ASF/common/services/spi/xmega_usart_spi/usart_spi.o
 .debug_macro   0x00000000       0xf1 src/ASF/common/services/spi/xmega_usart_spi/usart_spi.o
 .debug_macro   0x00000000       0x34 src/ASF/common/services/spi/xmega_usart_spi/usart_spi.o
 .debug_macro   0x00000000       0x16 src/ASF/common/services/spi/xmega_usart_spi/usart_spi.o
 .debug_macro   0x00000000       0x18 src/ASF/common/services/spi/xmega_usart_spi/usart_spi.o
 .debug_macro   0x00000000       0x5e src/ASF/common/services/spi/xmega_usart_spi/usart_spi.o
 .debug_macro   0x00000000       0x10 src/ASF/common/services/spi/xmega_usart_spi/usart_spi.o
 .debug_macro   0x00000000       0x22 src/ASF/common/services/spi/xmega_usart_spi/usart_spi.o
 .debug_macro   0x00000000      0x16d src/ASF/common/services/spi/xmega_usart_spi/usart_spi.o
 .debug_macro   0x00000000       0x1c src/ASF/common/services/spi/xmega_usart_spi/usart_spi.o
 .debug_macro   0x00000000       0x35 src/ASF/common/services/spi/xmega_usart_spi/usart_spi.o
 .debug_macro   0x00000000       0x66 src/ASF/common/services/spi/xmega_usart_spi/usart_spi.o
 .debug_macro   0x00000000      0x64b src/ASF/common/services/spi/xmega_usart_spi/usart_spi.o
 .debug_macro   0x00000000       0x97 src/ASF/common/services/spi/xmega_usart_spi/usart_spi.o
 .debug_macro   0x00000000       0x17 src/ASF/common/services/spi/xmega_usart_spi/usart_spi.o
 .debug_macro   0x00000000      0x250 src/ASF/common/services/spi/xmega_usart_spi/usart_spi.o
 .debug_macro   0x00000000       0x76 src/ASF/common/services/spi/xmega_usart_spi/usart_spi.o
 .debug_macro   0x00000000       0x16 src/ASF/common/services/spi/xmega_usart_spi/usart_spi.o
 .debug_macro   0x00000000      0x6e3 src/ASF/common/services/spi/xmega_usart_spi/usart_spi.o
 .debug_macro   0x00000000       0x10 src/ASF/common/services/spi/xmega_usart_spi/usart_spi.o
 .debug_macro   0x00000000      0x175 src/ASF/common/services/spi/xmega_usart_spi/usart_spi.o
 .debug_macro   0x00000000       0x40 src/ASF/common/services/spi/xmega_usart_spi/usart_spi.o
 .debug_macro   0x00000000       0x69 src/ASF/common/services/spi/xmega_usart_spi/usart_spi.o
 .debug_macro   0x00000000       0x32 src/ASF/common/services/spi/xmega_usart_spi/usart_spi.o
 .debug_macro   0x00000000       0xe4 src/ASF/common/services/spi/xmega_usart_spi/usart_spi.o
 .debug_macro   0x00000000       0x82 src/ASF/common/services/spi/xmega_usart_spi/usart_spi.o
 .debug_macro   0x00000000      0x109 src/ASF/common/services/spi/xmega_usart_spi/usart_spi.o
 .debug_macro   0x00000000       0x34 src/ASF/common/services/spi/xmega_usart_spi/usart_spi.o
 .debug_macro   0x00000000       0x2e src/ASF/common/services/spi/xmega_usart_spi/usart_spi.o
 .debug_macro   0x00000000       0x1c src/ASF/common/services/spi/xmega_usart_spi/usart_spi.o
 .debug_macro   0x00000000      0x2c6 src/ASF/common/services/spi/xmega_usart_spi/usart_spi.o
 .debug_macro   0x00000000      0x303 src/ASF/common/services/spi/xmega_usart_spi/usart_spi.o
 .debug_macro   0x00000000       0x7d src/ASF/common/services/spi/xmega_usart_spi/usart_spi.o
 .debug_macro   0x00000000       0x2f src/ASF/common/services/spi/xmega_usart_spi/usart_spi.o
 .debug_macro   0x00000000      0x15b src/ASF/common/services/spi/xmega_usart_spi/usart_spi.o
 .group         0x00000000        0x8 src/ASF/xmega/boards/xmega_a3bu_xplained/init.o
 .group         0x00000000        0x8 src/ASF/xmega/boards/xmega_a3bu_xplained/init.o
 .group         0x00000000        0x8 src/ASF/xmega/boards/xmega_a3bu_xplained/init.o
 .group         0x00000000        0x8 src/ASF/xmega/boards/xmega_a3bu_xplained/init.o
 .group         0x00000000        0x8 src/ASF/xmega/boards/xmega_a3bu_xplained/init.o
 .group         0x00000000        0x8 src/ASF/xmega/boards/xmega_a3bu_xplained/init.o
 .group         0x00000000        0x8 src/ASF/xmega/boards/xmega_a3bu_xplained/init.o
 .group         0x00000000        0x8 src/ASF/xmega/boards/xmega_a3bu_xplained/init.o
 .group         0x00000000        0x8 src/ASF/xmega/boards/xmega_a3bu_xplained/init.o
 .group         0x00000000        0x8 src/ASF/xmega/boards/xmega_a3bu_xplained/init.o
 .group         0x00000000        0x8 src/ASF/xmega/boards/xmega_a3bu_xplained/init.o
 .group         0x00000000        0x8 src/ASF/xmega/boards/xmega_a3bu_xplained/init.o
 .group         0x00000000        0x8 src/ASF/xmega/boards/xmega_a3bu_xplained/init.o
 .group         0x00000000        0x8 src/ASF/xmega/boards/xmega_a3bu_xplained/init.o
 .group         0x00000000        0x8 src/ASF/xmega/boards/xmega_a3bu_xplained/init.o
 .group         0x00000000        0x8 src/ASF/xmega/boards/xmega_a3bu_xplained/init.o
 .group         0x00000000        0x8 src/ASF/xmega/boards/xmega_a3bu_xplained/init.o
 .group         0x00000000        0x8 src/ASF/xmega/boards/xmega_a3bu_xplained/init.o
 .group         0x00000000        0x8 src/ASF/xmega/boards/xmega_a3bu_xplained/init.o
 .group         0x00000000        0x8 src/ASF/xmega/boards/xmega_a3bu_xplained/init.o
 .group         0x00000000        0x8 src/ASF/xmega/boards/xmega_a3bu_xplained/init.o
 .group         0x00000000        0x8 src/ASF/xmega/boards/xmega_a3bu_xplained/init.o
 .group         0x00000000        0x8 src/ASF/xmega/boards/xmega_a3bu_xplained/init.o
 .group         0x00000000        0x8 src/ASF/xmega/boards/xmega_a3bu_xplained/init.o
 .group         0x00000000        0x8 src/ASF/xmega/boards/xmega_a3bu_xplained/init.o
 .group         0x00000000        0x8 src/ASF/xmega/boards/xmega_a3bu_xplained/init.o
 .group         0x00000000        0x8 src/ASF/xmega/boards/xmega_a3bu_xplained/init.o
 .group         0x00000000        0x8 src/ASF/xmega/boards/xmega_a3bu_xplained/init.o
 .group         0x00000000        0x8 src/ASF/xmega/boards/xmega_a3bu_xplained/init.o
 .group         0x00000000        0x8 src/ASF/xmega/boards/xmega_a3bu_xplained/init.o
 .group         0x00000000        0x8 src/ASF/xmega/boards/xmega_a3bu_xplained/init.o
 .group         0x00000000        0x8 src/ASF/xmega/boards/xmega_a3bu_xplained/init.o
 .group         0x00000000        0x8 src/ASF/xmega/boards/xmega_a3bu_xplained/init.o
 .group         0x00000000        0x8 src/ASF/xmega/boards/xmega_a3bu_xplained/init.o
 .group         0x00000000        0x8 src/ASF/xmega/boards/xmega_a3bu_xplained/init.o
 .group         0x00000000        0x8 src/ASF/xmega/boards/xmega_a3bu_xplained/init.o
 .text          0x00000000        0x0 src/ASF/xmega/boards/xmega_a3bu_xplained/init.o
 .data          0x00000000        0x0 src/ASF/xmega/boards/xmega_a3bu_xplained/init.o
 .bss           0x00000000        0x0 src/ASF/xmega/boards/xmega_a3bu_xplained/init.o
 .debug_macro   0x00000000      0xa96 src/ASF/xmega/boards/xmega_a3bu_xplained/init.o
 .debug_macro   0x00000000       0x10 src/ASF/xmega/boards/xmega_a3bu_xplained/init.o
 .debug_macro   0x00000000      0x1c9 src/ASF/xmega/boards/xmega_a3bu_xplained/init.o
 .debug_macro   0x00000000      0x2fc src/ASF/xmega/boards/xmega_a3bu_xplained/init.o
 .debug_macro   0x00000000       0x9e src/ASF/xmega/boards/xmega_a3bu_xplained/init.o
 .debug_macro   0x00000000     0x6271 src/ASF/xmega/boards/xmega_a3bu_xplained/init.o
 .debug_macro   0x00000000       0x9a src/ASF/xmega/boards/xmega_a3bu_xplained/init.o
 .debug_macro   0x00000000       0xf1 src/ASF/xmega/boards/xmega_a3bu_xplained/init.o
 .debug_macro   0x00000000       0x34 src/ASF/xmega/boards/xmega_a3bu_xplained/init.o
 .debug_macro   0x00000000       0x16 src/ASF/xmega/boards/xmega_a3bu_xplained/init.o
 .debug_macro   0x00000000       0x18 src/ASF/xmega/boards/xmega_a3bu_xplained/init.o
 .debug_macro   0x00000000       0x5e src/ASF/xmega/boards/xmega_a3bu_xplained/init.o
 .debug_macro   0x00000000       0x10 src/ASF/xmega/boards/xmega_a3bu_xplained/init.o
 .debug_macro   0x00000000       0x22 src/ASF/xmega/boards/xmega_a3bu_xplained/init.o
 .debug_macro   0x00000000      0x16d src/ASF/xmega/boards/xmega_a3bu_xplained/init.o
 .debug_macro   0x00000000       0x1c src/ASF/xmega/boards/xmega_a3bu_xplained/init.o
 .debug_macro   0x00000000       0x35 src/ASF/xmega/boards/xmega_a3bu_xplained/init.o
 .debug_macro   0x00000000       0x66 src/ASF/xmega/boards/xmega_a3bu_xplained/init.o
 .debug_macro   0x00000000      0x64b src/ASF/xmega/boards/xmega_a3bu_xplained/init.o
 .debug_macro   0x00000000       0x97 src/ASF/xmega/boards/xmega_a3bu_xplained/init.o
 .debug_macro   0x00000000       0x17 src/ASF/xmega/boards/xmega_a3bu_xplained/init.o
 .debug_macro   0x00000000      0x250 src/ASF/xmega/boards/xmega_a3bu_xplained/init.o
 .debug_macro   0x00000000       0x76 src/ASF/xmega/boards/xmega_a3bu_xplained/init.o
 .debug_macro   0x00000000       0x16 src/ASF/xmega/boards/xmega_a3bu_xplained/init.o
 .debug_macro   0x00000000      0x6e3 src/ASF/xmega/boards/xmega_a3bu_xplained/init.o
 .debug_macro   0x00000000       0x10 src/ASF/xmega/boards/xmega_a3bu_xplained/init.o
 .debug_macro   0x00000000      0x175 src/ASF/xmega/boards/xmega_a3bu_xplained/init.o
 .debug_macro   0x00000000       0x40 src/ASF/xmega/boards/xmega_a3bu_xplained/init.o
 .debug_macro   0x00000000       0x69 src/ASF/xmega/boards/xmega_a3bu_xplained/init.o
 .debug_macro   0x00000000       0x32 src/ASF/xmega/boards/xmega_a3bu_xplained/init.o
 .debug_macro   0x00000000       0xe4 src/ASF/xmega/boards/xmega_a3bu_xplained/init.o
 .debug_macro   0x00000000      0x303 src/ASF/xmega/boards/xmega_a3bu_xplained/init.o
 .debug_macro   0x00000000       0x82 src/ASF/xmega/boards/xmega_a3bu_xplained/init.o
 .debug_macro   0x00000000      0x109 src/ASF/xmega/boards/xmega_a3bu_xplained/init.o
 .text          0x00000000        0x0 src/ASF/xmega/drivers/cpu/ccp.o
 .data          0x00000000        0x0 src/ASF/xmega/drivers/cpu/ccp.o
 .bss           0x00000000        0x0 src/ASF/xmega/drivers/cpu/ccp.o
 .group         0x00000000        0x8 src/ASF/xmega/drivers/nvm/nvm.o
 .group         0x00000000        0x8 src/ASF/xmega/drivers/nvm/nvm.o
 .group         0x00000000        0x8 src/ASF/xmega/drivers/nvm/nvm.o
 .group         0x00000000        0x8 src/ASF/xmega/drivers/nvm/nvm.o
 .group         0x00000000        0x8 src/ASF/xmega/drivers/nvm/nvm.o
 .group         0x00000000        0x8 src/ASF/xmega/drivers/nvm/nvm.o
 .group         0x00000000        0x8 src/ASF/xmega/drivers/nvm/nvm.o
 .group         0x00000000        0x8 src/ASF/xmega/drivers/nvm/nvm.o
 .group         0x00000000        0x8 src/ASF/xmega/drivers/nvm/nvm.o
 .group         0x00000000        0x8 src/ASF/xmega/drivers/nvm/nvm.o
 .group         0x00000000        0x8 src/ASF/xmega/drivers/nvm/nvm.o
 .group         0x00000000        0x8 src/ASF/xmega/drivers/nvm/nvm.o
 .group         0x00000000        0x8 src/ASF/xmega/drivers/nvm/nvm.o
 .group         0x00000000        0x8 src/ASF/xmega/drivers/nvm/nvm.o
 .group         0x00000000        0x8 src/ASF/xmega/drivers/nvm/nvm.o
 .group         0x00000000        0x8 src/ASF/xmega/drivers/nvm/nvm.o
 .group         0x00000000        0x8 src/ASF/xmega/drivers/nvm/nvm.o
 .group         0x00000000        0x8 src/ASF/xmega/drivers/nvm/nvm.o
 .group         0x00000000        0x8 src/ASF/xmega/drivers/nvm/nvm.o
 .group         0x00000000        0x8 src/ASF/xmega/drivers/nvm/nvm.o
 .group         0x00000000        0x8 src/ASF/xmega/drivers/nvm/nvm.o
 .group         0x00000000        0x8 src/ASF/xmega/drivers/nvm/nvm.o
 .group         0x00000000        0x8 src/ASF/xmega/drivers/nvm/nvm.o
 .group         0x00000000        0x8 src/ASF/xmega/drivers/nvm/nvm.o
 .group         0x00000000        0x8 src/ASF/xmega/drivers/nvm/nvm.o
 .group         0x00000000        0x8 src/ASF/xmega/drivers/nvm/nvm.o
 .group         0x00000000        0x8 src/ASF/xmega/drivers/nvm/nvm.o
 .group         0x00000000        0x8 src/ASF/xmega/drivers/nvm/nvm.o
 .group         0x00000000        0x8 src/ASF/xmega/drivers/nvm/nvm.o
 .group         0x00000000        0x8 src/ASF/xmega/drivers/nvm/nvm.o
 .group         0x00000000        0x8 src/ASF/xmega/drivers/nvm/nvm.o
 .group         0x00000000        0x8 src/ASF/xmega/drivers/nvm/nvm.o
 .group         0x00000000        0x8 src/ASF/xmega/drivers/nvm/nvm.o
 .text          0x00000000        0x0 src/ASF/xmega/drivers/nvm/nvm.o
 .data          0x00000000        0x0 src/ASF/xmega/drivers/nvm/nvm.o
 .bss           0x00000000        0x0 src/ASF/xmega/drivers/nvm/nvm.o
 .text.nvm_read_device_serial
                0x00000000       0x90 src/ASF/xmega/drivers/nvm/nvm.o
 .text.nvm_eeprom_read_byte
                0x00000000       0x22 src/ASF/xmega/drivers/nvm/nvm.o
 .text.nvm_eeprom_read_buffer
                0x00000000       0x32 src/ASF/xmega/drivers/nvm/nvm.o
 .text.nvm_eeprom_flush_buffer
                0x00000000       0x24 src/ASF/xmega/drivers/nvm/nvm.o
 .text.nvm_eeprom_load_byte_to_buffer
                0x00000000       0x24 src/ASF/xmega/drivers/nvm/nvm.o
 .text.nvm_eeprom_write_byte
                0x00000000       0x50 src/ASF/xmega/drivers/nvm/nvm.o
 .text.nvm_eeprom_load_page_to_buffer
                0x00000000       0x2e src/ASF/xmega/drivers/nvm/nvm.o
 .text.nvm_eeprom_atomic_write_page
                0x00000000       0x3c src/ASF/xmega/drivers/nvm/nvm.o
 .text.nvm_eeprom_erase_and_write_buffer
                0x00000000       0x86 src/ASF/xmega/drivers/nvm/nvm.o
 .text.nvm_eeprom_split_write_page
                0x00000000       0x3c src/ASF/xmega/drivers/nvm/nvm.o
 .text.nvm_eeprom_fill_buffer_with_value
                0x00000000       0x2a src/ASF/xmega/drivers/nvm/nvm.o
 .text.nvm_eeprom_erase_bytes_in_page
                0x00000000       0x3c src/ASF/xmega/drivers/nvm/nvm.o
 .text.nvm_eeprom_erase_page
                0x00000000       0x14 src/ASF/xmega/drivers/nvm/nvm.o
 .text.nvm_eeprom_erase_bytes_in_all_pages
                0x00000000       0x2e src/ASF/xmega/drivers/nvm/nvm.o
 .text.nvm_eeprom_erase_all
                0x00000000        0xc src/ASF/xmega/drivers/nvm/nvm.o
 .text.nvm_issue_flash_range_crc
                0x00000000       0x5a src/ASF/xmega/drivers/nvm/nvm.o
 .text.nvm_flash_read_buffer
                0x00000000       0x30 src/ASF/xmega/drivers/nvm/nvm.o
 .text.nvm_user_sig_read_buffer
                0x00000000       0x3c src/ASF/xmega/drivers/nvm/nvm.o
 .text.nvm_user_sig_write_buffer
                0x00000000      0x14e src/ASF/xmega/drivers/nvm/nvm.o
 .text.nvm_flash_erase_and_write_buffer
                0x00000000      0x18e src/ASF/xmega/drivers/nvm/nvm.o
 .text.nvm_fuses_read
                0x00000000       0x32 src/ASF/xmega/drivers/nvm/nvm.o
 .debug_info    0x00000000     0x13b2 src/ASF/xmega/drivers/nvm/nvm.o
 .debug_abbrev  0x00000000      0x3bd src/ASF/xmega/drivers/nvm/nvm.o
 .debug_loc     0x00000000     0x1220 src/ASF/xmega/drivers/nvm/nvm.o
 .debug_aranges
                0x00000000       0xc0 src/ASF/xmega/drivers/nvm/nvm.o
 .debug_ranges  0x00000000       0xb0 src/ASF/xmega/drivers/nvm/nvm.o
 .debug_macro   0x00000000      0x198 src/ASF/xmega/drivers/nvm/nvm.o
 .debug_macro   0x00000000      0xa96 src/ASF/xmega/drivers/nvm/nvm.o
 .debug_macro   0x00000000       0x10 src/ASF/xmega/drivers/nvm/nvm.o
 .debug_macro   0x00000000      0x1c9 src/ASF/xmega/drivers/nvm/nvm.o
 .debug_macro   0x00000000      0x2fc src/ASF/xmega/drivers/nvm/nvm.o
 .debug_macro   0x00000000       0x9e src/ASF/xmega/drivers/nvm/nvm.o
 .debug_macro   0x00000000     0x6271 src/ASF/xmega/drivers/nvm/nvm.o
 .debug_macro   0x00000000       0x9a src/ASF/xmega/drivers/nvm/nvm.o
 .debug_macro   0x00000000       0xf1 src/ASF/xmega/drivers/nvm/nvm.o
 .debug_macro   0x00000000       0x34 src/ASF/xmega/drivers/nvm/nvm.o
 .debug_macro   0x00000000       0x16 src/ASF/xmega/drivers/nvm/nvm.o
 .debug_macro   0x00000000       0x18 src/ASF/xmega/drivers/nvm/nvm.o
 .debug_macro   0x00000000       0x5e src/ASF/xmega/drivers/nvm/nvm.o
 .debug_macro   0x00000000       0x10 src/ASF/xmega/drivers/nvm/nvm.o
 .debug_macro   0x00000000       0x22 src/ASF/xmega/drivers/nvm/nvm.o
 .debug_macro   0x00000000      0x16d src/ASF/xmega/drivers/nvm/nvm.o
 .debug_macro   0x00000000       0x1c src/ASF/xmega/drivers/nvm/nvm.o
 .debug_macro   0x00000000       0x35 src/ASF/xmega/drivers/nvm/nvm.o
 .debug_macro   0x00000000       0x66 src/ASF/xmega/drivers/nvm/nvm.o
 .debug_macro   0x00000000      0x64b src/ASF/xmega/drivers/nvm/nvm.o
 .debug_macro   0x00000000       0x97 src/ASF/xmega/drivers/nvm/nvm.o
 .debug_macro   0x00000000       0x17 src/ASF/xmega/drivers/nvm/nvm.o
 .debug_macro   0x00000000      0x250 src/ASF/xmega/drivers/nvm/nvm.o
 .debug_macro   0x00000000       0x76 src/ASF/xmega/drivers/nvm/nvm.o
 .debug_macro   0x00000000       0x16 src/ASF/xmega/drivers/nvm/nvm.o
 .debug_macro   0x00000000      0x6e3 src/ASF/xmega/drivers/nvm/nvm.o
 .debug_macro   0x00000000       0x10 src/ASF/xmega/drivers/nvm/nvm.o
 .debug_macro   0x00000000      0x175 src/ASF/xmega/drivers/nvm/nvm.o
 .debug_macro   0x00000000       0x40 src/ASF/xmega/drivers/nvm/nvm.o
 .debug_macro   0x00000000       0x69 src/ASF/xmega/drivers/nvm/nvm.o
 .debug_macro   0x00000000       0x32 src/ASF/xmega/drivers/nvm/nvm.o
 .debug_macro   0x00000000       0xe4 src/ASF/xmega/drivers/nvm/nvm.o
 .debug_macro   0x00000000       0x26 src/ASF/xmega/drivers/nvm/nvm.o
 .debug_macro   0x00000000       0x16 src/ASF/xmega/drivers/nvm/nvm.o
 .debug_line    0x00000000      0xb64 src/ASF/xmega/drivers/nvm/nvm.o
 .debug_str     0x00000000    0x28f9d src/ASF/xmega/drivers/nvm/nvm.o
 .comment       0x00000000       0x31 src/ASF/xmega/drivers/nvm/nvm.o
 .debug_frame   0x00000000      0x338 src/ASF/xmega/drivers/nvm/nvm.o
 .text          0x00000000        0x0 src/ASF/xmega/drivers/nvm/nvm_asm.o
 .data          0x00000000        0x0 src/ASF/xmega/drivers/nvm/nvm_asm.o
 .bss           0x00000000        0x0 src/ASF/xmega/drivers/nvm/nvm_asm.o
 .text.nvm_read_byte
                0x00000000       0x14 src/ASF/xmega/drivers/nvm/nvm_asm.o
 .BOOT          0x00000000       0x44 src/ASF/xmega/drivers/nvm/nvm_asm.o
 .debug_line    0x00000000      0x11f src/ASF/xmega/drivers/nvm/nvm_asm.o
 .debug_info    0x00000000       0x9f src/ASF/xmega/drivers/nvm/nvm_asm.o
 .debug_abbrev  0x00000000       0x12 src/ASF/xmega/drivers/nvm/nvm_asm.o
 .debug_aranges
                0x00000000       0x28 src/ASF/xmega/drivers/nvm/nvm_asm.o
 .debug_ranges  0x00000000       0x20 src/ASF/xmega/drivers/nvm/nvm_asm.o
 .group         0x00000000        0x8 src/ASF/xmega/drivers/usart/usart.o
 .group         0x00000000        0x8 src/ASF/xmega/drivers/usart/usart.o
 .group         0x00000000        0x8 src/ASF/xmega/drivers/usart/usart.o
 .group         0x00000000        0x8 src/ASF/xmega/drivers/usart/usart.o
 .group         0x00000000        0x8 src/ASF/xmega/drivers/usart/usart.o
 .group         0x00000000        0x8 src/ASF/xmega/drivers/usart/usart.o
 .group         0x00000000        0x8 src/ASF/xmega/drivers/usart/usart.o
 .group         0x00000000        0x8 src/ASF/xmega/drivers/usart/usart.o
 .group         0x00000000        0x8 src/ASF/xmega/drivers/usart/usart.o
 .group         0x00000000        0x8 src/ASF/xmega/drivers/usart/usart.o
 .group         0x00000000        0x8 src/ASF/xmega/drivers/usart/usart.o
 .group         0x00000000        0x8 src/ASF/xmega/drivers/usart/usart.o
 .group         0x00000000        0x8 src/ASF/xmega/drivers/usart/usart.o
 .group         0x00000000        0x8 src/ASF/xmega/drivers/usart/usart.o
 .group         0x00000000        0x8 src/ASF/xmega/drivers/usart/usart.o
 .group         0x00000000        0x8 src/ASF/xmega/drivers/usart/usart.o
 .group         0x00000000        0x8 src/ASF/xmega/drivers/usart/usart.o
 .group         0x00000000        0x8 src/ASF/xmega/drivers/usart/usart.o
 .group         0x00000000        0x8 src/ASF/xmega/drivers/usart/usart.o
 .group         0x00000000        0x8 src/ASF/xmega/drivers/usart/usart.o
 .group         0x00000000        0x8 src/ASF/xmega/drivers/usart/usart.o
 .group         0x00000000        0x8 src/ASF/xmega/drivers/usart/usart.o
 .group         0x00000000        0x8 src/ASF/xmega/drivers/usart/usart.o
 .group         0x00000000        0x8 src/ASF/xmega/drivers/usart/usart.o
 .group         0x00000000        0x8 src/ASF/xmega/drivers/usart/usart.o
 .group         0x00000000        0x8 src/ASF/xmega/drivers/usart/usart.o
 .group         0x00000000        0x8 src/ASF/xmega/drivers/usart/usart.o
 .group         0x00000000        0x8 src/ASF/xmega/drivers/usart/usart.o
 .group         0x00000000        0x8 src/ASF/xmega/drivers/usart/usart.o
 .group         0x00000000        0x8 src/ASF/xmega/drivers/usart/usart.o
 .group         0x00000000        0x8 src/ASF/xmega/drivers/usart/usart.o
 .group         0x00000000        0x8 src/ASF/xmega/drivers/usart/usart.o
 .group         0x00000000        0x8 src/ASF/xmega/drivers/usart/usart.o
 .group         0x00000000        0x8 src/ASF/xmega/drivers/usart/usart.o
 .group         0x00000000        0x8 src/ASF/xmega/drivers/usart/usart.o
 .group         0x00000000        0x8 src/ASF/xmega/drivers/usart/usart.o
 .group         0x00000000        0x8 src/ASF/xmega/drivers/usart/usart.o
 .group         0x00000000        0x8 src/ASF/xmega/drivers/usart/usart.o
 .group         0x00000000        0x8 src/ASF/xmega/drivers/usart/usart.o
 .group         0x00000000        0x8 src/ASF/xmega/drivers/usart/usart.o
 .text          0x00000000        0x0 src/ASF/xmega/drivers/usart/usart.o
 .data          0x00000000        0x0 src/ASF/xmega/drivers/usart/usart.o
 .bss           0x00000000        0x0 src/ASF/xmega/drivers/usart/usart.o
 .text.usart_set_bsel_bscale_value
                0x00000000       0x10 src/ASF/xmega/drivers/usart/usart.o
 .text.usart_set_baudrate_precalculated
                0x00000000       0xd0 src/ASF/xmega/drivers/usart/usart.o
 .progmem.data.baudctrl_32mhz
                0x00000000        0xe src/ASF/xmega/drivers/usart/usart.o
 .progmem.data.baudctrl_2mhz
                0x00000000        0xe src/ASF/xmega/drivers/usart/usart.o
 .debug_macro   0x00000000      0xa96 src/ASF/xmega/drivers/usart/usart.o
 .debug_macro   0x00000000      0x1c9 src/ASF/xmega/drivers/usart/usart.o
 .debug_macro   0x00000000       0x10 src/ASF/xmega/drivers/usart/usart.o
 .debug_macro   0x00000000       0x9e src/ASF/xmega/drivers/usart/usart.o
 .debug_macro   0x00000000     0x6271 src/ASF/xmega/drivers/usart/usart.o
 .debug_macro   0x00000000       0x9a src/ASF/xmega/drivers/usart/usart.o
 .debug_macro   0x00000000       0xf1 src/ASF/xmega/drivers/usart/usart.o
 .debug_macro   0x00000000       0x34 src/ASF/xmega/drivers/usart/usart.o
 .debug_macro   0x00000000       0x16 src/ASF/xmega/drivers/usart/usart.o
 .debug_macro   0x00000000       0x18 src/ASF/xmega/drivers/usart/usart.o
 .debug_macro   0x00000000       0x5e src/ASF/xmega/drivers/usart/usart.o
 .debug_macro   0x00000000       0x10 src/ASF/xmega/drivers/usart/usart.o
 .debug_macro   0x00000000       0x22 src/ASF/xmega/drivers/usart/usart.o
 .debug_macro   0x00000000      0x16d src/ASF/xmega/drivers/usart/usart.o
 .debug_macro   0x00000000       0x1c src/ASF/xmega/drivers/usart/usart.o
 .debug_macro   0x00000000       0x35 src/ASF/xmega/drivers/usart/usart.o
 .debug_macro   0x00000000       0x66 src/ASF/xmega/drivers/usart/usart.o
 .debug_macro   0x00000000      0x64b src/ASF/xmega/drivers/usart/usart.o
 .debug_macro   0x00000000       0x97 src/ASF/xmega/drivers/usart/usart.o
 .debug_macro   0x00000000       0x17 src/ASF/xmega/drivers/usart/usart.o
 .debug_macro   0x00000000      0x250 src/ASF/xmega/drivers/usart/usart.o
 .debug_macro   0x00000000       0x76 src/ASF/xmega/drivers/usart/usart.o
 .debug_macro   0x00000000       0x16 src/ASF/xmega/drivers/usart/usart.o
 .debug_macro   0x00000000      0x6e3 src/ASF/xmega/drivers/usart/usart.o
 .debug_macro   0x00000000       0x10 src/ASF/xmega/drivers/usart/usart.o
 .debug_macro   0x00000000      0x175 src/ASF/xmega/drivers/usart/usart.o
 .debug_macro   0x00000000       0x40 src/ASF/xmega/drivers/usart/usart.o
 .debug_macro   0x00000000       0x69 src/ASF/xmega/drivers/usart/usart.o
 .debug_macro   0x00000000       0x32 src/ASF/xmega/drivers/usart/usart.o
 .debug_macro   0x00000000       0xe4 src/ASF/xmega/drivers/usart/usart.o
 .debug_macro   0x00000000       0x34 src/ASF/xmega/drivers/usart/usart.o
 .debug_macro   0x00000000       0x1c src/ASF/xmega/drivers/usart/usart.o
 .debug_macro   0x00000000      0x2c6 src/ASF/xmega/drivers/usart/usart.o
 .debug_macro   0x00000000      0x303 src/ASF/xmega/drivers/usart/usart.o
 .debug_macro   0x00000000       0x7d src/ASF/xmega/drivers/usart/usart.o
 .debug_macro   0x00000000       0x2f src/ASF/xmega/drivers/usart/usart.o
 .debug_macro   0x00000000      0x15b src/ASF/xmega/drivers/usart/usart.o
 .debug_macro   0x00000000       0x82 src/ASF/xmega/drivers/usart/usart.o
 .debug_macro   0x00000000      0x109 src/ASF/xmega/drivers/usart/usart.o
 .group         0x00000000        0x8 src/Part3.o
 .group         0x00000000        0x8 src/Part3.o
 .group         0x00000000        0x8 src/Part3.o
 .group         0x00000000        0x8 src/Part3.o
 .group         0x00000000        0x8 src/Part3.o
 .group         0x00000000        0x8 src/Part3.o
 .group         0x00000000        0x8 src/Part3.o
 .group         0x00000000        0x8 src/Part3.o
 .group         0x00000000        0x8 src/Part3.o
 .group         0x00000000        0x8 src/Part3.o
 .group         0x00000000        0x8 src/Part3.o
 .group         0x00000000        0x8 src/Part3.o
 .group         0x00000000        0x8 src/Part3.o
 .group         0x00000000        0x8 src/Part3.o
 .group         0x00000000        0x8 src/Part3.o
 .group         0x00000000        0x8 src/Part3.o
 .group         0x00000000        0x8 src/Part3.o
 .group         0x00000000        0x8 src/Part3.o
 .group         0x00000000        0x8 src/Part3.o
 .group         0x00000000        0x8 src/Part3.o
 .group         0x00000000        0x8 src/Part3.o
 .group         0x00000000        0x8 src/Part3.o
 .group         0x00000000        0x8 src/Part3.o
 .group         0x00000000        0x8 src/Part3.o
 .group         0x00000000        0x8 src/Part3.o
 .group         0x00000000        0x8 src/Part3.o
 .group         0x00000000        0x8 src/Part3.o
 .group         0x00000000        0x8 src/Part3.o
 .group         0x00000000        0x8 src/Part3.o
 .group         0x00000000        0x8 src/Part3.o
 .group         0x00000000        0x8 src/Part3.o
 .group         0x00000000        0x8 src/Part3.o
 .group         0x00000000        0x8 src/Part3.o
 .group         0x00000000        0x8 src/Part3.o
 .group         0x00000000        0x8 src/Part3.o
 .group         0x00000000        0x8 src/Part3.o
 .group         0x00000000        0x8 src/Part3.o
 .group         0x00000000        0x8 src/Part3.o
 .group         0x00000000        0x8 src/Part3.o
 .group         0x00000000        0x8 src/Part3.o
 .group         0x00000000        0x8 src/Part3.o
 .group         0x00000000        0x8 src/Part3.o
 .group         0x00000000        0x8 src/Part3.o
 .group         0x00000000        0x8 src/Part3.o
 .group         0x00000000        0x8 src/Part3.o
 .group         0x00000000        0x8 src/Part3.o
 .group         0x00000000        0x8 src/Part3.o
 .group         0x00000000        0x8 src/Part3.o
 .group         0x00000000        0x8 src/Part3.o
 .text          0x00000000        0x0 src/Part3.o
 .data          0x00000000        0x0 src/Part3.o
 .bss           0x00000000        0x0 src/Part3.o
 .debug_macro   0x00000000      0xa96 src/Part3.o
 .debug_macro   0x00000000       0x10 src/Part3.o
 .debug_macro   0x00000000      0x1c9 src/Part3.o
 .debug_macro   0x00000000      0x2fc src/Part3.o
 .debug_macro   0x00000000       0x9e src/Part3.o
 .debug_macro   0x00000000     0x6271 src/Part3.o
 .debug_macro   0x00000000       0x9a src/Part3.o
 .debug_macro   0x00000000       0xf1 src/Part3.o
 .debug_macro   0x00000000       0x34 src/Part3.o
 .debug_macro   0x00000000       0x16 src/Part3.o
 .debug_macro   0x00000000       0x18 src/Part3.o
 .debug_macro   0x00000000       0x5e src/Part3.o
 .debug_macro   0x00000000       0x10 src/Part3.o
 .debug_macro   0x00000000       0x22 src/Part3.o
 .debug_macro   0x00000000      0x16d src/Part3.o
 .debug_macro   0x00000000       0x1c src/Part3.o
 .debug_macro   0x00000000       0x35 src/Part3.o
 .debug_macro   0x00000000       0x66 src/Part3.o
 .debug_macro   0x00000000      0x64b src/Part3.o
 .debug_macro   0x00000000       0x97 src/Part3.o
 .debug_macro   0x00000000       0x17 src/Part3.o
 .debug_macro   0x00000000      0x250 src/Part3.o
 .debug_macro   0x00000000       0x76 src/Part3.o
 .debug_macro   0x00000000       0x16 src/Part3.o
 .debug_macro   0x00000000      0x6e3 src/Part3.o
 .debug_macro   0x00000000       0x10 src/Part3.o
 .debug_macro   0x00000000      0x175 src/Part3.o
 .debug_macro   0x00000000       0x40 src/Part3.o
 .debug_macro   0x00000000       0x69 src/Part3.o
 .debug_macro   0x00000000       0x32 src/Part3.o
 .debug_macro   0x00000000       0xe4 src/Part3.o
 .debug_macro   0x00000000      0x2c0 src/Part3.o
 .debug_macro   0x00000000      0x303 src/Part3.o
 .debug_macro   0x00000000       0x1c src/Part3.o
 .debug_macro   0x00000000       0x7d src/Part3.o
 .debug_macro   0x00000000       0x2f src/Part3.o
 .debug_macro   0x00000000      0x15b src/Part3.o
 .debug_macro   0x00000000       0x82 src/Part3.o
 .debug_macro   0x00000000      0x109 src/Part3.o
 .debug_macro   0x00000000       0x28 src/Part3.o
 .debug_macro   0x00000000       0x23 src/Part3.o
 .debug_macro   0x00000000       0x3a src/Part3.o
 .debug_macro   0x00000000      0x100 src/Part3.o
 .debug_macro   0x00000000       0x34 src/Part3.o
 .debug_macro   0x00000000       0x2e src/Part3.o
 .debug_macro   0x00000000       0x10 src/Part3.o
 .text          0x00000000        0x0 c:/program files (x86)/atmel/studio/7.0/toolchain/avr8/avr8-gnu-toolchain/bin/../lib/gcc/avr/5.4.0/avrxmega6\libgcc.a(_udivmodsi4.o)
 .data          0x00000000        0x0 c:/program files (x86)/atmel/studio/7.0/toolchain/avr8/avr8-gnu-toolchain/bin/../lib/gcc/avr/5.4.0/avrxmega6\libgcc.a(_udivmodsi4.o)
 .bss           0x00000000        0x0 c:/program files (x86)/atmel/studio/7.0/toolchain/avr8/avr8-gnu-toolchain/bin/../lib/gcc/avr/5.4.0/avrxmega6\libgcc.a(_udivmodsi4.o)
 .text.libgcc.mul
                0x00000000        0x0 c:/program files (x86)/atmel/studio/7.0/toolchain/avr8/avr8-gnu-toolchain/bin/../lib/gcc/avr/5.4.0/avrxmega6\libgcc.a(_udivmodsi4.o)
 .text.libgcc   0x00000000        0x0 c:/program files (x86)/atmel/studio/7.0/toolchain/avr8/avr8-gnu-toolchain/bin/../lib/gcc/avr/5.4.0/avrxmega6\libgcc.a(_udivmodsi4.o)
 .text.libgcc.prologue
                0x00000000        0x0 c:/program files (x86)/atmel/studio/7.0/toolchain/avr8/avr8-gnu-toolchain/bin/../lib/gcc/avr/5.4.0/avrxmega6\libgcc.a(_udivmodsi4.o)
 .text.libgcc.builtins
                0x00000000        0x0 c:/program files (x86)/atmel/studio/7.0/toolchain/avr8/avr8-gnu-toolchain/bin/../lib/gcc/avr/5.4.0/avrxmega6\libgcc.a(_udivmodsi4.o)
 .text.libgcc.fmul
                0x00000000        0x0 c:/program files (x86)/atmel/studio/7.0/toolchain/avr8/avr8-gnu-toolchain/bin/../lib/gcc/avr/5.4.0/avrxmega6\libgcc.a(_udivmodsi4.o)
 .text.libgcc.fixed
                0x00000000        0x0 c:/program files (x86)/atmel/studio/7.0/toolchain/avr8/avr8-gnu-toolchain/bin/../lib/gcc/avr/5.4.0/avrxmega6\libgcc.a(_udivmodsi4.o)
 .text          0x00000000        0x0 c:/program files (x86)/atmel/studio/7.0/toolchain/avr8/avr8-gnu-toolchain/bin/../lib/gcc/avr/5.4.0/avrxmega6\libgcc.a(_exit.o)
 .data          0x00000000        0x0 c:/program files (x86)/atmel/studio/7.0/toolchain/avr8/avr8-gnu-toolchain/bin/../lib/gcc/avr/5.4.0/avrxmega6\libgcc.a(_exit.o)
 .bss           0x00000000        0x0 c:/program files (x86)/atmel/studio/7.0/toolchain/avr8/avr8-gnu-toolchain/bin/../lib/gcc/avr/5.4.0/avrxmega6\libgcc.a(_exit.o)
 .text.libgcc.mul
                0x00000000        0x0 c:/program files (x86)/atmel/studio/7.0/toolchain/avr8/avr8-gnu-toolchain/bin/../lib/gcc/avr/5.4.0/avrxmega6\libgcc.a(_exit.o)
 .text.libgcc.div
                0x00000000        0x0 c:/program files (x86)/atmel/studio/7.0/toolchain/avr8/avr8-gnu-toolchain/bin/../lib/gcc/avr/5.4.0/avrxmega6\libgcc.a(_exit.o)
 .text.libgcc   0x00000000        0x0 c:/program files (x86)/atmel/studio/7.0/toolchain/avr8/avr8-gnu-toolchain/bin/../lib/gcc/avr/5.4.0/avrxmega6\libgcc.a(_exit.o)
 .text.libgcc.prologue
                0x00000000        0x0 c:/program files (x86)/atmel/studio/7.0/toolchain/avr8/avr8-gnu-toolchain/bin/../lib/gcc/avr/5.4.0/avrxmega6\libgcc.a(_exit.o)
 .text.libgcc.builtins
                0x00000000        0x0 c:/program files (x86)/atmel/studio/7.0/toolchain/avr8/avr8-gnu-toolchain/bin/../lib/gcc/avr/5.4.0/avrxmega6\libgcc.a(_exit.o)
 .text.libgcc.fmul
                0x00000000        0x0 c:/program files (x86)/atmel/studio/7.0/toolchain/avr8/avr8-gnu-toolchain/bin/../lib/gcc/avr/5.4.0/avrxmega6\libgcc.a(_exit.o)
 .text.libgcc.fixed
                0x00000000        0x0 c:/program files (x86)/atmel/studio/7.0/toolchain/avr8/avr8-gnu-toolchain/bin/../lib/gcc/avr/5.4.0/avrxmega6\libgcc.a(_exit.o)
 .text          0x00000000        0x0 c:/program files (x86)/atmel/studio/7.0/toolchain/avr8/avr8-gnu-toolchain/bin/../lib/gcc/avr/5.4.0/avrxmega6\libgcc.a(_tablejump2.o)
 .data          0x00000000        0x0 c:/program files (x86)/atmel/studio/7.0/toolchain/avr8/avr8-gnu-toolchain/bin/../lib/gcc/avr/5.4.0/avrxmega6\libgcc.a(_tablejump2.o)
 .bss           0x00000000        0x0 c:/program files (x86)/atmel/studio/7.0/toolchain/avr8/avr8-gnu-toolchain/bin/../lib/gcc/avr/5.4.0/avrxmega6\libgcc.a(_tablejump2.o)
 .text.libgcc.mul
                0x00000000        0x0 c:/program files (x86)/atmel/studio/7.0/toolchain/avr8/avr8-gnu-toolchain/bin/../lib/gcc/avr/5.4.0/avrxmega6\libgcc.a(_tablejump2.o)
 .text.libgcc.div
                0x00000000        0x0 c:/program files (x86)/atmel/studio/7.0/toolchain/avr8/avr8-gnu-toolchain/bin/../lib/gcc/avr/5.4.0/avrxmega6\libgcc.a(_tablejump2.o)
 .text.libgcc.prologue
                0x00000000        0x0 c:/program files (x86)/atmel/studio/7.0/toolchain/avr8/avr8-gnu-toolchain/bin/../lib/gcc/avr/5.4.0/avrxmega6\libgcc.a(_tablejump2.o)
 .text.libgcc.builtins
                0x00000000        0x0 c:/program files (x86)/atmel/studio/7.0/toolchain/avr8/avr8-gnu-toolchain/bin/../lib/gcc/avr/5.4.0/avrxmega6\libgcc.a(_tablejump2.o)
 .text.libgcc.fmul
                0x00000000        0x0 c:/program files (x86)/atmel/studio/7.0/toolchain/avr8/avr8-gnu-toolchain/bin/../lib/gcc/avr/5.4.0/avrxmega6\libgcc.a(_tablejump2.o)
 .text.libgcc.fixed
                0x00000000        0x0 c:/program files (x86)/atmel/studio/7.0/toolchain/avr8/avr8-gnu-toolchain/bin/../lib/gcc/avr/5.4.0/avrxmega6\libgcc.a(_tablejump2.o)
 .text          0x00000000        0x0 c:/program files (x86)/atmel/studio/7.0/toolchain/avr8/avr8-gnu-toolchain/bin/../lib/gcc/avr/5.4.0/avrxmega6\libgcc.a(_copy_data.o)
 .data          0x00000000        0x0 c:/program files (x86)/atmel/studio/7.0/toolchain/avr8/avr8-gnu-toolchain/bin/../lib/gcc/avr/5.4.0/avrxmega6\libgcc.a(_copy_data.o)
 .bss           0x00000000        0x0 c:/program files (x86)/atmel/studio/7.0/toolchain/avr8/avr8-gnu-toolchain/bin/../lib/gcc/avr/5.4.0/avrxmega6\libgcc.a(_copy_data.o)
 .text.libgcc.mul
                0x00000000        0x0 c:/program files (x86)/atmel/studio/7.0/toolchain/avr8/avr8-gnu-toolchain/bin/../lib/gcc/avr/5.4.0/avrxmega6\libgcc.a(_copy_data.o)
 .text.libgcc.div
                0x00000000        0x0 c:/program files (x86)/atmel/studio/7.0/toolchain/avr8/avr8-gnu-toolchain/bin/../lib/gcc/avr/5.4.0/avrxmega6\libgcc.a(_copy_data.o)
 .text.libgcc   0x00000000        0x0 c:/program files (x86)/atmel/studio/7.0/toolchain/avr8/avr8-gnu-toolchain/bin/../lib/gcc/avr/5.4.0/avrxmega6\libgcc.a(_copy_data.o)
 .text.libgcc.prologue
                0x00000000        0x0 c:/program files (x86)/atmel/studio/7.0/toolchain/avr8/avr8-gnu-toolchain/bin/../lib/gcc/avr/5.4.0/avrxmega6\libgcc.a(_copy_data.o)
 .text.libgcc.builtins
                0x00000000        0x0 c:/program files (x86)/atmel/studio/7.0/toolchain/avr8/avr8-gnu-toolchain/bin/../lib/gcc/avr/5.4.0/avrxmega6\libgcc.a(_copy_data.o)
 .text.libgcc.fmul
                0x00000000        0x0 c:/program files (x86)/atmel/studio/7.0/toolchain/avr8/avr8-gnu-toolchain/bin/../lib/gcc/avr/5.4.0/avrxmega6\libgcc.a(_copy_data.o)
 .text.libgcc.fixed
                0x00000000        0x0 c:/program files (x86)/atmel/studio/7.0/toolchain/avr8/avr8-gnu-toolchain/bin/../lib/gcc/avr/5.4.0/avrxmega6\libgcc.a(_copy_data.o)
 .text          0x00000000        0x0 c:/program files (x86)/atmel/studio/7.0/toolchain/avr8/avr8-gnu-toolchain/bin/../lib/gcc/avr/5.4.0/avrxmega6\libgcc.a(_clear_bss.o)
 .data          0x00000000        0x0 c:/program files (x86)/atmel/studio/7.0/toolchain/avr8/avr8-gnu-toolchain/bin/../lib/gcc/avr/5.4.0/avrxmega6\libgcc.a(_clear_bss.o)
 .bss           0x00000000        0x0 c:/program files (x86)/atmel/studio/7.0/toolchain/avr8/avr8-gnu-toolchain/bin/../lib/gcc/avr/5.4.0/avrxmega6\libgcc.a(_clear_bss.o)
 .text.libgcc.mul
                0x00000000        0x0 c:/program files (x86)/atmel/studio/7.0/toolchain/avr8/avr8-gnu-toolchain/bin/../lib/gcc/avr/5.4.0/avrxmega6\libgcc.a(_clear_bss.o)
 .text.libgcc.div
                0x00000000        0x0 c:/program files (x86)/atmel/studio/7.0/toolchain/avr8/avr8-gnu-toolchain/bin/../lib/gcc/avr/5.4.0/avrxmega6\libgcc.a(_clear_bss.o)
 .text.libgcc   0x00000000        0x0 c:/program files (x86)/atmel/studio/7.0/toolchain/avr8/avr8-gnu-toolchain/bin/../lib/gcc/avr/5.4.0/avrxmega6\libgcc.a(_clear_bss.o)
 .text.libgcc.prologue
                0x00000000        0x0 c:/program files (x86)/atmel/studio/7.0/toolchain/avr8/avr8-gnu-toolchain/bin/../lib/gcc/avr/5.4.0/avrxmega6\libgcc.a(_clear_bss.o)
 .text.libgcc.builtins
                0x00000000        0x0 c:/program files (x86)/atmel/studio/7.0/toolchain/avr8/avr8-gnu-toolchain/bin/../lib/gcc/avr/5.4.0/avrxmega6\libgcc.a(_clear_bss.o)
 .text.libgcc.fmul
                0x00000000        0x0 c:/program files (x86)/atmel/studio/7.0/toolchain/avr8/avr8-gnu-toolchain/bin/../lib/gcc/avr/5.4.0/avrxmega6\libgcc.a(_clear_bss.o)
 .text.libgcc.fixed
                0x00000000        0x0 c:/program files (x86)/atmel/studio/7.0/toolchain/avr8/avr8-gnu-toolchain/bin/../lib/gcc/avr/5.4.0/avrxmega6\libgcc.a(_clear_bss.o)
 .text          0x00000000        0x0 c:/program files (x86)/atmel/studio/7.0/toolchain/avr8/avr8-gnu-toolchain/bin/../lib/gcc/avr/5.4.0/../../../../avr/lib/avrxmega6\libc.a(memcpy.o)
 .data          0x00000000        0x0 c:/program files (x86)/atmel/studio/7.0/toolchain/avr8/avr8-gnu-toolchain/bin/../lib/gcc/avr/5.4.0/../../../../avr/lib/avrxmega6\libc.a(memcpy.o)
 .bss           0x00000000        0x0 c:/program files (x86)/atmel/studio/7.0/toolchain/avr8/avr8-gnu-toolchain/bin/../lib/gcc/avr/5.4.0/../../../../avr/lib/avrxmega6\libc.a(memcpy.o)
 .text.avr-libc
                0x00000000       0x12 c:/program files (x86)/atmel/studio/7.0/toolchain/avr8/avr8-gnu-toolchain/bin/../lib/gcc/avr/5.4.0/../../../../avr/lib/avrxmega6\libc.a(memcpy.o)

Memory Configuration

Name             Origin             Length             Attributes
text             0x00000000         0x00100000         xr
data             0x00802000         0x0000ffa0         rw !x
eeprom           0x00810000         0x00010000         rw !x
fuse             0x00820000         0x00000006         rw !x
lock             0x00830000         0x00000400         rw !x
signature        0x00840000         0x00000400         rw !x
user_signatures  0x00850000         0x00000400         rw !x
*default*        0x00000000         0xffffffff

Linker script and memory map

LOAD C:/Program Files (x86)/Atmel/Studio/7.0/Packs/atmel/XMEGAA_DFP/1.1.68/gcc/dev/atxmega256a3bu/avrxmega6/crtatxmega256a3bu.o
LOAD src/ASF/common/components/display/st7565r/st7565r.o
LOAD src/ASF/common/services/clock/xmega/sysclk.o
LOAD src/ASF/common/services/ioport/xmega/ioport_compat.o
LOAD src/ASF/common/services/spi/xmega_usart_spi/usart_spi.o
LOAD src/ASF/xmega/boards/xmega_a3bu_xplained/init.o
LOAD src/ASF/xmega/drivers/cpu/ccp.o
LOAD src/ASF/xmega/drivers/nvm/nvm.o
LOAD src/ASF/xmega/drivers/nvm/nvm_asm.o
LOAD src/ASF/xmega/drivers/usart/usart.o
LOAD src/Part3.o
START GROUP
LOAD c:/program files (x86)/atmel/studio/7.0/toolchain/avr8/avr8-gnu-toolchain/bin/../lib/gcc/avr/5.4.0/../../../../avr/lib/avrxmega6\libm.a
END GROUP
Address of section .BOOT set to 0x40000
START GROUP
LOAD c:/program files (x86)/atmel/studio/7.0/toolchain/avr8/avr8-gnu-toolchain/bin/../lib/gcc/avr/5.4.0/avrxmega6\libgcc.a
LOAD c:/program files (x86)/atmel/studio/7.0/toolchain/avr8/avr8-gnu-toolchain/bin/../lib/gcc/avr/5.4.0/../../../../avr/lib/avrxmega6\libm.a
LOAD c:/program files (x86)/atmel/studio/7.0/toolchain/avr8/avr8-gnu-toolchain/bin/../lib/gcc/avr/5.4.0/../../../../avr/lib/avrxmega6\libc.a
LOAD C:/Program Files (x86)/Atmel/Studio/7.0/Packs/atmel/XMEGAA_DFP/1.1.68/gcc/dev/atxmega256a3bu/avrxmega6\libatxmega256a3bu.a
END GROUP
                0x00100000                __TEXT_REGION_LENGTH__ = DEFINED (__TEXT_REGION_LENGTH__)?__TEXT_REGION_LENGTH__:0x100000
                0x0000ffa0                __DATA_REGION_LENGTH__ = DEFINED (__DATA_REGION_LENGTH__)?__DATA_REGION_LENGTH__:0xffa0
                0x00010000                __EEPROM_REGION_LENGTH__ = DEFINED (__EEPROM_REGION_LENGTH__)?__EEPROM_REGION_LENGTH__:0x10000
                [0x00000006]                __FUSE_REGION_LENGTH__ = DEFINED (__FUSE_REGION_LENGTH__)?__FUSE_REGION_LENGTH__:0x400
                0x00000400                __LOCK_REGION_LENGTH__ = DEFINED (__LOCK_REGION_LENGTH__)?__LOCK_REGION_LENGTH__:0x400
                0x00000400                __SIGNATURE_REGION_LENGTH__ = DEFINED (__SIGNATURE_REGION_LENGTH__)?__SIGNATURE_REGION_LENGTH__:0x400
                0x00000400                __USER_SIGNATURE_REGION_LENGTH__ = DEFINED (__USER_SIGNATURE_REGION_LENGTH__)?__USER_SIGNATURE_REGION_LENGTH__:0x400

.hash
 *(.hash)

.dynsym
 *(.dynsym)

.dynstr
 *(.dynstr)

.gnu.version
 *(.gnu.version)

.gnu.version_d
 *(.gnu.version_d)

.gnu.version_r
 *(.gnu.version_r)

.rel.init
 *(.rel.init)

.rela.init
 *(.rela.init)

.rel.text
 *(.rel.text)
 *(.rel.text.*)
 *(.rel.gnu.linkonce.t*)

.rela.text
 *(.rela.text)
 *(.rela.text.*)
 *(.rela.gnu.linkonce.t*)

.rel.fini
 *(.rel.fini)

.rela.fini
 *(.rela.fini)

.rel.rodata
 *(.rel.rodata)
 *(.rel.rodata.*)
 *(.rel.gnu.linkonce.r*)

.rela.rodata
 *(.rela.rodata)
 *(.rela.rodata.*)
 *(.rela.gnu.linkonce.r*)

.rel.data
 *(.rel.data)
 *(.rel.data.*)
 *(.rel.gnu.linkonce.d*)

.rela.data
 *(.rela.data)
 *(.rela.data.*)
 *(.rela.gnu.linkonce.d*)

.rel.ctors
 *(.rel.ctors)

.rela.ctors
 *(.rela.ctors)

.rel.dtors
 *(.rel.dtors)

.rela.dtors
 *(.rela.dtors)

.rel.got
 *(.rel.got)

.rela.got
 *(.rela.got)

.rel.bss
 *(.rel.bss)

.rela.bss
 *(.rela.bss)

.rel.plt
 *(.rel.plt)

.rela.plt
 *(.rela.plt)

.text           0x00000000     0x1806
 *(.vectors)
 .vectors       0x00000000      0x1fc C:/Program Files (x86)/Atmel/Studio/7.0/Packs/atmel/XMEGAA_DFP/1.1.68/gcc/dev/atxmega256a3bu/avrxmega6/crtatxmega256a3bu.o
                0x00000000                __vector_default
                0x00000000                __vectors
 *(.vectors)
 *(.progmem.gcc*)
 .progmem.gcc_sw_table.getCharacter
                0x000001fc       0x76 src/Part3.o
                0x00000272                . = ALIGN (0x2)
                0x00000272                __trampolines_start = .
 *(.trampolines)
 .trampolines   0x00000272        0x0 linker stubs
 *(.trampolines*)
                0x00000272                __trampolines_end = .
 *libprintf_flt.a:*(.progmem.data)
 *libc.a:*(.progmem.data)
 *(.progmem*)
                0x00000272                . = ALIGN (0x2)
 *(.jumptables)
 *(.jumptables*)
 *(.lowtext)
 *(.lowtext*)
                0x00000272                __ctors_start = .
 *(.ctors)
                0x00000272                __ctors_end = .
                0x00000272                __dtors_start = .
 *(.dtors)
                0x00000272                __dtors_end = .
 SORT(*)(.ctors)
 SORT(*)(.dtors)
 *(.init0)
 .init0         0x00000272        0x0 C:/Program Files (x86)/Atmel/Studio/7.0/Packs/atmel/XMEGAA_DFP/1.1.68/gcc/dev/atxmega256a3bu/avrxmega6/crtatxmega256a3bu.o
                0x00000272                __init
 *(.init0)
 *(.init1)
 *(.init1)
 *(.init2)
 .init2         0x00000272       0x10 C:/Program Files (x86)/Atmel/Studio/7.0/Packs/atmel/XMEGAA_DFP/1.1.68/gcc/dev/atxmega256a3bu/avrxmega6/crtatxmega256a3bu.o
 *(.init2)
 *(.init3)
 *(.init3)
 *(.init4)
 .init4         0x00000282       0x1a c:/program files (x86)/atmel/studio/7.0/toolchain/avr8/avr8-gnu-toolchain/bin/../lib/gcc/avr/5.4.0/avrxmega6\libgcc.a(_copy_data.o)
                0x00000282                __do_copy_data
 .init4         0x0000029c       0x10 c:/program files (x86)/atmel/studio/7.0/toolchain/avr8/avr8-gnu-toolchain/bin/../lib/gcc/avr/5.4.0/avrxmega6\libgcc.a(_clear_bss.o)
                0x0000029c                __do_clear_bss
 *(.init4)
 *(.init5)
 *(.init5)
 *(.init6)
 *(.init6)
 *(.init7)
 *(.init7)
 *(.init8)
 *(.init8)
 *(.init9)
 .init9         0x000002ac        0x8 C:/Program Files (x86)/Atmel/Studio/7.0/Packs/atmel/XMEGAA_DFP/1.1.68/gcc/dev/atxmega256a3bu/avrxmega6/crtatxmega256a3bu.o
 *(.init9)
 *(.text)
 .text          0x000002b4        0x2 C:/Program Files (x86)/Atmel/Studio/7.0/Packs/atmel/XMEGAA_DFP/1.1.68/gcc/dev/atxmega256a3bu/avrxmega6/crtatxmega256a3bu.o
                0x000002b4                __vector_38
                0x000002b4                __vector_104
                0x000002b4                __vector_22
                0x000002b4                __vector_63
                0x000002b4                __vector_28
                0x000002b4                __vector_67
                0x000002b4                __vector_1
                0x000002b4                __vector_119
                0x000002b4                __vector_32
                0x000002b4                __vector_75
                0x000002b4                __vector_71
                0x000002b4                __vector_91
                0x000002b4                __vector_34
                0x000002b4                __vector_62
                0x000002b4                __vector_77
                0x000002b4                __vector_102
                0x000002b4                __vector_24
                0x000002b4                __vector_12
                0x000002b4                __vector_55
                0x000002b4                __vector_69
                0x000002b4                __vector_81
                0x000002b4                __vector_90
                0x000002b4                __vector_46
                0x000002b4                __bad_interrupt
                0x000002b4                __vector_122
                0x000002b4                __vector_72
                0x000002b4                __vector_114
                0x000002b4                __vector_6
                0x000002b4                __vector_110
                0x000002b4                __vector_31
                0x000002b4                __vector_92
                0x000002b4                __vector_35
                0x000002b4                __vector_78
                0x000002b4                __vector_74
                0x000002b4                __vector_117
                0x000002b4                __vector_39
                0x000002b4                __vector_107
                0x000002b4                __vector_3
                0x000002b4                __vector_105
                0x000002b4                __vector_98
                0x000002b4                __vector_23
                0x000002b4                __vector_68
                0x000002b4                __vector_30
                0x000002b4                __vector_73
                0x000002b4                __vector_45
                0x000002b4                __vector_25
                0x000002b4                __vector_93
                0x000002b4                __vector_61
                0x000002b4                __vector_11
                0x000002b4                __vector_54
                0x000002b4                __vector_99
                0x000002b4                __vector_13
                0x000002b4                __vector_17
                0x000002b4                __vector_19
                0x000002b4                __vector_56
                0x000002b4                __vector_7
                0x000002b4                __vector_125
                0x000002b4                __vector_49
                0x000002b4                __vector_123
                0x000002b4                __vector_41
                0x000002b4                __vector_86
                0x000002b4                __vector_100
                0x000002b4                __vector_101
                0x000002b4                __vector_64
                0x000002b4                __vector_88
                0x000002b4                __vector_109
                0x000002b4                __vector_43
                0x000002b4                __vector_27
                0x000002b4                __vector_5
                0x000002b4                __vector_113
                0x000002b4                __vector_33
                0x000002b4                __vector_76
                0x000002b4                __vector_115
                0x000002b4                __vector_47
                0x000002b4                __vector_52
                0x000002b4                __vector_37
                0x000002b4                __vector_95
                0x000002b4                __vector_103
                0x000002b4                __vector_96
                0x000002b4                __vector_89
                0x000002b4                __vector_108
                0x000002b4                __vector_4
                0x000002b4                __vector_44
                0x000002b4                __vector_82
                0x000002b4                __vector_106
                0x000002b4                __vector_118
                0x000002b4                __vector_51
                0x000002b4                __vector_9
                0x000002b4                __vector_2
                0x000002b4                __vector_21
                0x000002b4                __vector_15
                0x000002b4                __vector_66
                0x000002b4                __vector_36
                0x000002b4                __vector_79
                0x000002b4                __vector_58
                0x000002b4                __vector_70
                0x000002b4                __vector_83
                0x000002b4                __vector_29
                0x000002b4                __vector_60
                0x000002b4                __vector_121
                0x000002b4                __vector_40
                0x000002b4                __vector_85
                0x000002b4                __vector_94
                0x000002b4                __vector_126
                0x000002b4                __vector_8
                0x000002b4                __vector_26
                0x000002b4                __vector_48
                0x000002b4                __vector_124
                0x000002b4                __vector_116
                0x000002b4                __vector_112
                0x000002b4                __vector_111
                0x000002b4                __vector_80
                0x000002b4                __vector_14
                0x000002b4                __vector_84
                0x000002b4                __vector_57
                0x000002b4                __vector_53
                0x000002b4                __vector_10
                0x000002b4                __vector_50
                0x000002b4                __vector_16
                0x000002b4                __vector_59
                0x000002b4                __vector_18
                0x000002b4                __vector_97
                0x000002b4                __vector_20
                0x000002b4                __vector_42
                0x000002b4                __vector_87
                0x000002b4                __vector_65
                0x000002b4                __vector_120
                0x000002b6                . = ALIGN (0x2)
 *(.text.*)
 .text.__portable_avr_delay_cycles
                0x000002b6       0x16 src/ASF/common/components/display/st7565r/st7565r.o
 .text.st7565r_init
                0x000002cc      0x388 src/ASF/common/components/display/st7565r/st7565r.o
                0x000002cc                st7565r_init
 .text.sysclk_init
                0x00000654       0x72 src/ASF/common/services/clock/xmega/sysclk.o
                0x00000654                sysclk_init
 .text.sysclk_enable_module
                0x000006c6       0x2c src/ASF/common/services/clock/xmega/sysclk.o
                0x000006c6                sysclk_enable_module
 .text.ioport_configure_port_pin
                0x000006f2       0x4e src/ASF/common/services/ioport/xmega/ioport_compat.o
                0x000006f2                ioport_configure_port_pin
 .text.usart_spi_init
                0x00000740       0x5e src/ASF/common/services/spi/xmega_usart_spi/usart_spi.o
                0x00000740                usart_spi_init
 .text.usart_spi_setup_device
                0x0000079e       0x34 src/ASF/common/services/spi/xmega_usart_spi/usart_spi.o
                0x0000079e                usart_spi_setup_device
 .text.usart_spi_select_device
                0x000007d2       0x2c src/ASF/common/services/spi/xmega_usart_spi/usart_spi.o
                0x000007d2                usart_spi_select_device
 .text.usart_spi_deselect_device
                0x000007fe       0x2c src/ASF/common/services/spi/xmega_usart_spi/usart_spi.o
                0x000007fe                usart_spi_deselect_device
 .text.board_init
                0x0000082a       0x9e src/ASF/xmega/boards/xmega_a3bu_xplained/init.o
                0x0000082a                board_init
 .text.ccp_write_io
                0x000008c8        0xc src/ASF/xmega/drivers/cpu/ccp.o
                0x000008c8                ccp_write_io
 .text.usart_putchar
                0x000008d4       0x10 src/ASF/xmega/drivers/usart/usart.o
                0x000008d4                usart_putchar
 .text.usart_getchar
                0x000008e4        0xc src/ASF/xmega/drivers/usart/usart.o
                0x000008e4                usart_getchar
 .text.usart_set_baudrate
                0x000008f0      0x21e src/ASF/xmega/drivers/usart/usart.o
                0x000008f0                usart_set_baudrate
 .text.usart_init_rs232
                0x00000b0e      0x222 src/ASF/xmega/drivers/usart/usart.o
                0x00000b0e                usart_init_rs232
 .text.usart_spi_set_baudrate
                0x00000d30       0x62 src/ASF/xmega/drivers/usart/usart.o
                0x00000d30                usart_spi_set_baudrate
 .text.usart_init_spi
                0x00000d92      0x3c8 src/ASF/xmega/drivers/usart/usart.o
                0x00000d92                usart_init_spi
 .text.__portable_avr_delay_cycles
                0x0000115a       0x16 src/Part3.o
 .text.getCharacter
                0x00001170      0x144 src/Part3.o
                0x00001170                getCharacter
 .text.resetScreen
                0x000012b4      0x248 src/Part3.o
                0x000012b4                resetScreen
 .text.displayCharacter
                0x000014fc      0x248 src/Part3.o
                0x000014fc                displayCharacter
 .text.main     0x00001744       0x6a src/Part3.o
                0x00001744                main
 .text.libgcc.div
                0x000017ae       0x44 c:/program files (x86)/atmel/studio/7.0/toolchain/avr8/avr8-gnu-toolchain/bin/../lib/gcc/avr/5.4.0/avrxmega6\libgcc.a(_udivmodsi4.o)
                0x000017ae                __udivmodsi4
 .text.libgcc   0x000017f2       0x10 c:/program files (x86)/atmel/studio/7.0/toolchain/avr8/avr8-gnu-toolchain/bin/../lib/gcc/avr/5.4.0/avrxmega6\libgcc.a(_tablejump2.o)
                0x000017f2                __tablejump2__
                0x00001802                . = ALIGN (0x2)
 *(.fini9)
 .fini9         0x00001802        0x0 c:/program files (x86)/atmel/studio/7.0/toolchain/avr8/avr8-gnu-toolchain/bin/../lib/gcc/avr/5.4.0/avrxmega6\libgcc.a(_exit.o)
                0x00001802                _exit
                0x00001802                exit
 *(.fini9)
 *(.fini8)
 *(.fini8)
 *(.fini7)
 *(.fini7)
 *(.fini6)
 *(.fini6)
 *(.fini5)
 *(.fini5)
 *(.fini4)
 *(.fini4)
 *(.fini3)
 *(.fini3)
 *(.fini2)
 *(.fini2)
 *(.fini1)
 *(.fini1)
 *(.fini0)
 .fini0         0x00001802        0x4 c:/program files (x86)/atmel/studio/7.0/toolchain/avr8/avr8-gnu-toolchain/bin/../lib/gcc/avr/5.4.0/avrxmega6\libgcc.a(_exit.o)
 *(.fini0)
                0x00001806                _etext = .

.data           0x00802000      0x1d8 load address 0x00001806
                0x00802000                PROVIDE (__data_start, .)
 *(.data)
 *(.data*)
 .data.USART_SERIAL_OPTIONS.5095
                0x00802000        0x7 src/Part3.o
 *(.rodata)
 *(.rodata*)
 .rodata.str1.1
                0x00802007       0x14 src/Part3.o
 .rodata.Characters
                0x0080201b      0x1bc src/Part3.o
                0x0080201b                Characters
 *(.gnu.linkonce.d*)
                0x008021d8                . = ALIGN (0x2)
 *fill*         0x008021d7        0x1 
                0x008021d8                _edata = .
                0x008021d8                PROVIDE (__data_end, .)

.bss            0x008021d8        0x3
                0x008021d8                PROVIDE (__bss_start, .)
 *(.bss)
 *(.bss*)
 .bss.start_line_address
                0x008021d8        0x1 src/Part3.o
                0x008021d8                start_line_address
 *(COMMON)
 COMMON         0x008021d9        0x2 src/Part3.o
                0x008021d9                column_address
                0x008021da                page_address
                0x008021db                PROVIDE (__bss_end, .)
                0x00001806                __data_load_start = LOADADDR (.data)
                0x000019de                __data_load_end = (__data_load_start + SIZEOF (.data))

.noinit         0x008021db        0x0
                [!provide]                PROVIDE (__noinit_start, .)
 *(.noinit*)
                [!provide]                PROVIDE (__noinit_end, .)
                0x008021db                _end = .
                [!provide]                PROVIDE (__heap_start, .)

.eeprom         0x00810000        0x0
 *(.eeprom*)
                0x00810000                __eeprom_end = .

.fuse
 *(.fuse)
 *(.lfuse)
 *(.hfuse)
 *(.efuse)

.lock
 *(.lock*)

.signature
 *(.signature*)

.user_signatures
 *(.user_signatures*)

.stab
 *(.stab)

.stabstr
 *(.stabstr)

.stab.excl
 *(.stab.excl)

.stab.exclstr
 *(.stab.exclstr)

.stab.index
 *(.stab.index)

.stab.indexstr
 *(.stab.indexstr)

.comment        0x00000000       0x30
 *(.comment)
 .comment       0x00000000       0x30 src/ASF/common/components/display/st7565r/st7565r.o
                                 0x31 (size before relaxing)
 .comment       0x00000030       0x31 src/ASF/common/services/clock/xmega/sysclk.o
 .comment       0x00000030       0x31 src/ASF/common/services/ioport/xmega/ioport_compat.o
 .comment       0x00000030       0x31 src/ASF/common/services/spi/xmega_usart_spi/usart_spi.o
 .comment       0x00000030       0x31 src/ASF/xmega/boards/xmega_a3bu_xplained/init.o
 .comment       0x00000030       0x31 src/ASF/xmega/drivers/usart/usart.o
 .comment       0x00000030       0x31 src/Part3.o

.note.gnu.avr.deviceinfo
                0x00000000       0x44
 .note.gnu.avr.deviceinfo
                0x00000000       0x44 C:/Program Files (x86)/Atmel/Studio/7.0/Packs/atmel/XMEGAA_DFP/1.1.68/gcc/dev/atxmega256a3bu/avrxmega6/crtatxmega256a3bu.o

.note.gnu.build-id
 *(.note.gnu.build-id)

.debug
 *(.debug)

.line
 *(.line)

.debug_srcinfo
 *(.debug_srcinfo)

.debug_sfnames
 *(.debug_sfnames)

.debug_aranges  0x00000000      0x1a8
 *(.debug_aranges)
 .debug_aranges
                0x00000000       0x28 src/ASF/common/components/display/st7565r/st7565r.o
 .debug_aranges
                0x00000028       0x40 src/ASF/common/services/clock/xmega/sysclk.o
 .debug_aranges
                0x00000068       0x20 src/ASF/common/services/ioport/xmega/ioport_compat.o
 .debug_aranges
                0x00000088       0x48 src/ASF/common/services/spi/xmega_usart_spi/usart_spi.o
 .debug_aranges
                0x000000d0       0x20 src/ASF/xmega/boards/xmega_a3bu_xplained/init.o
 .debug_aranges
                0x000000f0       0x20 src/ASF/xmega/drivers/cpu/ccp.o
 .debug_aranges
                0x00000110       0x58 src/ASF/xmega/drivers/usart/usart.o
 .debug_aranges
                0x00000168       0x40 src/Part3.o

.debug_pubnames
 *(.debug_pubnames)

.debug_info     0x00000000     0xb4da
 *(.debug_info .gnu.linkonce.wi.*)
 .debug_info    0x00000000     0x3379 C:/Program Files (x86)/Atmel/Studio/7.0/Packs/atmel/XMEGAA_DFP/1.1.68/gcc/dev/atxmega256a3bu/avrxmega6/crtatxmega256a3bu.o
 .debug_info    0x00003379     0x1945 src/ASF/common/components/display/st7565r/st7565r.o
 .debug_info    0x00004cbe      0x8ad src/ASF/common/services/clock/xmega/sysclk.o
 .debug_info    0x0000556b      0x121 src/ASF/common/services/ioport/xmega/ioport_compat.o
 .debug_info    0x0000568c      0xb7e src/ASF/common/services/spi/xmega_usart_spi/usart_spi.o
 .debug_info    0x0000620a      0x71c src/ASF/xmega/boards/xmega_a3bu_xplained/init.o
 .debug_info    0x00006926       0x9f src/ASF/xmega/drivers/cpu/ccp.o
 .debug_info    0x000069c5     0x2ce5 src/ASF/xmega/drivers/usart/usart.o
 .debug_info    0x000096aa     0x1e30 src/Part3.o

.debug_abbrev   0x00000000     0x4245
 *(.debug_abbrev)
 .debug_abbrev  0x00000000     0x30c4 C:/Program Files (x86)/Atmel/Studio/7.0/Packs/atmel/XMEGAA_DFP/1.1.68/gcc/dev/atxmega256a3bu/avrxmega6/crtatxmega256a3bu.o
 .debug_abbrev  0x000030c4      0x2a0 src/ASF/common/components/display/st7565r/st7565r.o
 .debug_abbrev  0x00003364      0x24e src/ASF/common/services/clock/xmega/sysclk.o
 .debug_abbrev  0x000035b2       0x95 src/ASF/common/services/ioport/xmega/ioport_compat.o
 .debug_abbrev  0x00003647      0x2d8 src/ASF/common/services/spi/xmega_usart_spi/usart_spi.o
 .debug_abbrev  0x0000391f      0x14a src/ASF/xmega/boards/xmega_a3bu_xplained/init.o
 .debug_abbrev  0x00003a69       0x14 src/ASF/xmega/drivers/cpu/ccp.o
 .debug_abbrev  0x00003a7d      0x3f5 src/ASF/xmega/drivers/usart/usart.o
 .debug_abbrev  0x00003e72      0x3d3 src/Part3.o

.debug_line     0x00000000     0x42b4
 *(.debug_line .debug_line.* .debug_line_end)
 .debug_line    0x00000000      0x39d C:/Program Files (x86)/Atmel/Studio/7.0/Packs/atmel/XMEGAA_DFP/1.1.68/gcc/dev/atxmega256a3bu/avrxmega6/crtatxmega256a3bu.o
 .debug_line    0x0000039d      0xac3 src/ASF/common/components/display/st7565r/st7565r.o
 .debug_line    0x00000e60      0x6b4 src/ASF/common/services/clock/xmega/sysclk.o
 .debug_line    0x00001514      0x4b4 src/ASF/common/services/ioport/xmega/ioport_compat.o
 .debug_line    0x000019c8      0x7d6 src/ASF/common/services/spi/xmega_usart_spi/usart_spi.o
 .debug_line    0x0000219e      0x4df src/ASF/xmega/boards/xmega_a3bu_xplained/init.o
 .debug_line    0x0000267d       0x6e src/ASF/xmega/drivers/cpu/ccp.o
 .debug_line    0x000026eb      0xc9d src/ASF/xmega/drivers/usart/usart.o
 .debug_line    0x00003388      0xf2c src/Part3.o

.debug_frame    0x00000000      0x444
 *(.debug_frame)
 .debug_frame   0x00000000       0x68 src/ASF/common/components/display/st7565r/st7565r.o
 .debug_frame   0x00000068       0xa4 src/ASF/common/services/clock/xmega/sysclk.o
 .debug_frame   0x0000010c       0x30 src/ASF/common/services/ioport/xmega/ioport_compat.o
 .debug_frame   0x0000013c       0x90 src/ASF/common/services/spi/xmega_usart_spi/usart_spi.o
 .debug_frame   0x000001cc       0x24 src/ASF/xmega/boards/xmega_a3bu_xplained/init.o
 .debug_frame   0x000001f0      0x14c src/ASF/xmega/drivers/usart/usart.o
 .debug_frame   0x0000033c      0x108 src/Part3.o

.debug_str      0x00000000    0x2efcb
 *(.debug_str)
 .debug_str     0x00000000     0x21e4 C:/Program Files (x86)/Atmel/Studio/7.0/Packs/atmel/XMEGAA_DFP/1.1.68/gcc/dev/atxmega256a3bu/avrxmega6/crtatxmega256a3bu.o
 .debug_str     0x000021e4    0x2b719 src/ASF/common/components/display/st7565r/st7565r.o
                              0x2bf5f (size before relaxing)
 .debug_str     0x0002d8fd      0x3ce src/ASF/common/services/clock/xmega/sysclk.o
                              0x2ad63 (size before relaxing)
 .debug_str     0x0002dccb       0xab src/ASF/common/services/ioport/xmega/ioport_compat.o
                              0x28a3a (size before relaxing)
 .debug_str     0x0002dd76      0x1d1 src/ASF/common/services/spi/xmega_usart_spi/usart_spi.o
                              0x2b534 (size before relaxing)
 .debug_str     0x0002df47       0x80 src/ASF/xmega/boards/xmega_a3bu_xplained/init.o
                              0x2a5f4 (size before relaxing)
 .debug_str     0x0002dfc7      0xab6 src/ASF/xmega/drivers/usart/usart.o
                              0x2c073 (size before relaxing)
 .debug_str     0x0002ea7d      0x54e src/Part3.o
                              0x2c542 (size before relaxing)

.debug_loc      0x00000000     0x2fd1
 *(.debug_loc)
 .debug_loc     0x00000000      0x7c9 src/ASF/common/components/display/st7565r/st7565r.o
 .debug_loc     0x000007c9      0x329 src/ASF/common/services/clock/xmega/sysclk.o
 .debug_loc     0x00000af2       0x66 src/ASF/common/services/ioport/xmega/ioport_compat.o
 .debug_loc     0x00000b58      0x56c src/ASF/common/services/spi/xmega_usart_spi/usart_spi.o
 .debug_loc     0x000010c4      0x203 src/ASF/xmega/boards/xmega_a3bu_xplained/init.o
 .debug_loc     0x000012c7      0xe14 src/ASF/xmega/drivers/usart/usart.o
 .debug_loc     0x000020db      0xef6 src/Part3.o

.debug_macinfo
 *(.debug_macinfo)

.debug_weaknames
 *(.debug_weaknames)

.debug_funcnames
 *(.debug_funcnames)

.debug_typenames
 *(.debug_typenames)

.debug_varnames
 *(.debug_varnames)

.debug_pubtypes
 *(.debug_pubtypes)

.debug_ranges   0x00000000      0x288
 *(.debug_ranges)
 .debug_ranges  0x00000000       0x18 src/ASF/common/components/display/st7565r/st7565r.o
 .debug_ranges  0x00000018       0x30 src/ASF/common/services/clock/xmega/sysclk.o
 .debug_ranges  0x00000048       0x10 src/ASF/common/services/ioport/xmega/ioport_compat.o
 .debug_ranges  0x00000058       0x98 src/ASF/common/services/spi/xmega_usart_spi/usart_spi.o
 .debug_ranges  0x000000f0       0x10 src/ASF/xmega/boards/xmega_a3bu_xplained/init.o
 .debug_ranges  0x00000100       0x80 src/ASF/xmega/drivers/usart/usart.o
 .debug_ranges  0x00000180      0x108 src/Part3.o

.debug_macro    0x00000000     0xab9b
 *(.debug_macro)
 .debug_macro   0x00000000      0x278 src/ASF/common/components/display/st7565r/st7565r.o
 .debug_macro   0x00000278      0xa96 src/ASF/common/components/display/st7565r/st7565r.o
 .debug_macro   0x00000d0e       0x10 src/ASF/common/components/display/st7565r/st7565r.o
 .debug_macro   0x00000d1e      0x1c9 src/ASF/common/components/display/st7565r/st7565r.o
 .debug_macro   0x00000ee7      0x2fc src/ASF/common/components/display/st7565r/st7565r.o
 .debug_macro   0x000011e3       0x9e src/ASF/common/components/display/st7565r/st7565r.o
 .debug_macro   0x00001281     0x6271 src/ASF/common/components/display/st7565r/st7565r.o
 .debug_macro   0x000074f2       0x9a src/ASF/common/components/display/st7565r/st7565r.o
 .debug_macro   0x0000758c       0xf1 src/ASF/common/components/display/st7565r/st7565r.o
 .debug_macro   0x0000767d       0x34 src/ASF/common/components/display/st7565r/st7565r.o
 .debug_macro   0x000076b1       0x16 src/ASF/common/components/display/st7565r/st7565r.o
 .debug_macro   0x000076c7       0x18 src/ASF/common/components/display/st7565r/st7565r.o
 .debug_macro   0x000076df       0x5e src/ASF/common/components/display/st7565r/st7565r.o
 .debug_macro   0x0000773d       0x10 src/ASF/common/components/display/st7565r/st7565r.o
 .debug_macro   0x0000774d       0x22 src/ASF/common/components/display/st7565r/st7565r.o
 .debug_macro   0x0000776f      0x16d src/ASF/common/components/display/st7565r/st7565r.o
 .debug_macro   0x000078dc       0x1c src/ASF/common/components/display/st7565r/st7565r.o
 .debug_macro   0x000078f8       0x35 src/ASF/common/components/display/st7565r/st7565r.o
 .debug_macro   0x0000792d       0x66 src/ASF/common/components/display/st7565r/st7565r.o
 .debug_macro   0x00007993      0x64b src/ASF/common/components/display/st7565r/st7565r.o
 .debug_macro   0x00007fde       0x97 src/ASF/common/components/display/st7565r/st7565r.o
 .debug_macro   0x00008075       0x17 src/ASF/common/components/display/st7565r/st7565r.o
 .debug_macro   0x0000808c      0x250 src/ASF/common/components/display/st7565r/st7565r.o
 .debug_macro   0x000082dc       0x76 src/ASF/common/components/display/st7565r/st7565r.o
 .debug_macro   0x00008352       0x16 src/ASF/common/components/display/st7565r/st7565r.o
 .debug_macro   0x00008368      0x6e3 src/ASF/common/components/display/st7565r/st7565r.o
 .debug_macro   0x00008a4b       0x10 src/ASF/common/components/display/st7565r/st7565r.o
 .debug_macro   0x00008a5b      0x175 src/ASF/common/components/display/st7565r/st7565r.o
 .debug_macro   0x00008bd0       0x40 src/ASF/common/components/display/st7565r/st7565r.o
 .debug_macro   0x00008c10       0x69 src/ASF/common/components/display/st7565r/st7565r.o
 .debug_macro   0x00008c79       0x32 src/ASF/common/components/display/st7565r/st7565r.o
 .debug_macro   0x00008cab       0xe4 src/ASF/common/components/display/st7565r/st7565r.o
 .debug_macro   0x00008d8f       0x1c src/ASF/common/components/display/st7565r/st7565r.o
 .debug_macro   0x00008dab      0x2c6 src/ASF/common/components/display/st7565r/st7565r.o
 .debug_macro   0x00009071      0x303 src/ASF/common/components/display/st7565r/st7565r.o
 .debug_macro   0x00009374       0x7d src/ASF/common/components/display/st7565r/st7565r.o
 .debug_macro   0x000093f1       0x2f src/ASF/common/components/display/st7565r/st7565r.o
 .debug_macro   0x00009420      0x15b src/ASF/common/components/display/st7565r/st7565r.o
 .debug_macro   0x0000957b       0x82 src/ASF/common/components/display/st7565r/st7565r.o
 .debug_macro   0x000095fd      0x109 src/ASF/common/components/display/st7565r/st7565r.o
 .debug_macro   0x00009706       0x28 src/ASF/common/components/display/st7565r/st7565r.o
 .debug_macro   0x0000972e       0x23 src/ASF/common/components/display/st7565r/st7565r.o
 .debug_macro   0x00009751       0x3a src/ASF/common/components/display/st7565r/st7565r.o
 .debug_macro   0x0000978b      0x100 src/ASF/common/components/display/st7565r/st7565r.o
 .debug_macro   0x0000988b       0x34 src/ASF/common/components/display/st7565r/st7565r.o
 .debug_macro   0x000098bf       0x2e src/ASF/common/components/display/st7565r/st7565r.o
 .debug_macro   0x000098ed      0x1db src/ASF/common/services/clock/xmega/sysclk.o
 .debug_macro   0x00009ac8       0x26 src/ASF/common/services/clock/xmega/sysclk.o
 .debug_macro   0x00009aee      0x195 src/ASF/common/services/ioport/xmega/ioport_compat.o
 .debug_macro   0x00009c83      0x236 src/ASF/common/services/spi/xmega_usart_spi/usart_spi.o
 .debug_macro   0x00009eb9      0x1b7 src/ASF/xmega/boards/xmega_a3bu_xplained/init.o
 .debug_macro   0x0000a070       0x10 src/ASF/xmega/boards/xmega_a3bu_xplained/init.o
 .debug_macro   0x0000a080      0x2c0 src/ASF/xmega/boards/xmega_a3bu_xplained/init.o
 .debug_macro   0x0000a340      0x223 src/ASF/xmega/drivers/usart/usart.o
 .debug_macro   0x0000a563      0x302 src/ASF/xmega/drivers/usart/usart.o
 .debug_macro   0x0000a865      0x2b8 src/Part3.o
 .debug_macro   0x0000ab1d       0x22 src/Part3.o
 .debug_macro   0x0000ab3f       0x46 src/Part3.o
 .debug_macro   0x0000ab85       0x16 src/Part3.o
OUTPUT(Part3.elf elf32-avr)
LOAD linker stubs

.BOOT           0x00040000        0x0
